Archive member included to satisfy reference by file (symbol)

/home/ronggurmwp/Ai-Thinker-LoRaWAN-Ra-08/drivers/crypto/lib/libcrypto.a(aes.o)
                              out/cmac.o (aes_init)
/usr/lib/gcc/arm-none-eabi/9.2.1/thumb/v7e-m/nofp/libgcc.a(_arm_muldf3.o)
                              out/printf-stdarg.o (__aeabi_dmul)
/usr/lib/gcc/arm-none-eabi/9.2.1/thumb/v7e-m/nofp/libgcc.a(_arm_addsubdf3.o)
                              out/printf-stdarg.o (__aeabi_dsub)
/usr/lib/gcc/arm-none-eabi/9.2.1/thumb/v7e-m/nofp/libgcc.a(_arm_muldivdf3.o)
                              out/printf-stdarg.o (__aeabi_ddiv)
/usr/lib/gcc/arm-none-eabi/9.2.1/thumb/v7e-m/nofp/libgcc.a(_arm_cmpdf2.o)
                              out/printf-stdarg.o (__aeabi_dcmpeq)
/usr/lib/gcc/arm-none-eabi/9.2.1/thumb/v7e-m/nofp/libgcc.a(_arm_fixdfsi.o)
                              out/printf-stdarg.o (__aeabi_d2iz)
/usr/lib/gcc/arm-none-eabi/9.2.1/thumb/v7e-m/nofp/libgcc.a(_arm_fixunsdfsi.o)
                              out/printf-stdarg.o (__aeabi_d2uiz)
/usr/lib/gcc/arm-none-eabi/9.2.1/thumb/v7e-m/nofp/libgcc.a(_aeabi_uldivmod.o)
                              out/printf-stdarg.o (__aeabi_uldivmod)
/usr/lib/gcc/arm-none-eabi/9.2.1/thumb/v7e-m/nofp/libgcc.a(_fixunsdfdi.o)
                              out/rtc-board.o (__aeabi_d2ulz)
/usr/lib/gcc/arm-none-eabi/9.2.1/thumb/v7e-m/nofp/libgcc.a(_udivmoddi4.o)
                              /usr/lib/gcc/arm-none-eabi/9.2.1/thumb/v7e-m/nofp/libgcc.a(_aeabi_uldivmod.o) (__udivmoddi4)
/usr/lib/gcc/arm-none-eabi/9.2.1/thumb/v7e-m/nofp/libgcc.a(_dvmd_tls.o)
                              /usr/lib/gcc/arm-none-eabi/9.2.1/thumb/v7e-m/nofp/libgcc.a(_aeabi_uldivmod.o) (__aeabi_ldiv0)
/usr/lib/gcc/arm-none-eabi/9.2.1/../../../arm-none-eabi/lib/thumb/v7e-m/nofp/libc.a(lib_a-atexit.o)
                              /usr/lib/gcc/arm-none-eabi/9.2.1/../../../arm-none-eabi/lib/thumb/v7e-m/nofp/crt0.o (atexit)
/usr/lib/gcc/arm-none-eabi/9.2.1/../../../arm-none-eabi/lib/thumb/v7e-m/nofp/libc.a(lib_a-exit.o)
                              /usr/lib/gcc/arm-none-eabi/9.2.1/../../../arm-none-eabi/lib/thumb/v7e-m/nofp/crt0.o (exit)
/usr/lib/gcc/arm-none-eabi/9.2.1/../../../arm-none-eabi/lib/thumb/v7e-m/nofp/libc.a(lib_a-fini.o)
                              /usr/lib/gcc/arm-none-eabi/9.2.1/../../../arm-none-eabi/lib/thumb/v7e-m/nofp/crt0.o (__libc_fini_array)
/usr/lib/gcc/arm-none-eabi/9.2.1/../../../arm-none-eabi/lib/thumb/v7e-m/nofp/libc.a(lib_a-impure.o)
                              /usr/lib/gcc/arm-none-eabi/9.2.1/../../../arm-none-eabi/lib/thumb/v7e-m/nofp/libc.a(lib_a-exit.o) (_global_impure_ptr)
/usr/lib/gcc/arm-none-eabi/9.2.1/../../../arm-none-eabi/lib/thumb/v7e-m/nofp/libc.a(lib_a-init.o)
                              /usr/lib/gcc/arm-none-eabi/9.2.1/../../../arm-none-eabi/lib/thumb/v7e-m/nofp/crt0.o (__libc_init_array)
/usr/lib/gcc/arm-none-eabi/9.2.1/../../../arm-none-eabi/lib/thumb/v7e-m/nofp/libc.a(lib_a-memcpy.o)
                              /home/ronggurmwp/Ai-Thinker-LoRaWAN-Ra-08/drivers/crypto/lib/libcrypto.a(aes.o) (memcpy)
/usr/lib/gcc/arm-none-eabi/9.2.1/../../../arm-none-eabi/lib/thumb/v7e-m/nofp/libc.a(lib_a-memset.o)
                              /usr/lib/gcc/arm-none-eabi/9.2.1/../../../arm-none-eabi/lib/thumb/v7e-m/nofp/crt0.o (memset)
/usr/lib/gcc/arm-none-eabi/9.2.1/../../../arm-none-eabi/lib/thumb/v7e-m/nofp/libc.a(lib_a-__atexit.o)
                              /usr/lib/gcc/arm-none-eabi/9.2.1/../../../arm-none-eabi/lib/thumb/v7e-m/nofp/libc.a(lib_a-atexit.o) (__register_exitproc)
/usr/lib/gcc/arm-none-eabi/9.2.1/../../../arm-none-eabi/lib/thumb/v7e-m/nofp/libc.a(lib_a-__call_atexit.o)
                              /usr/lib/gcc/arm-none-eabi/9.2.1/../../../arm-none-eabi/lib/thumb/v7e-m/nofp/libc.a(lib_a-exit.o) (__call_exitprocs)
/usr/lib/gcc/arm-none-eabi/9.2.1/../../../arm-none-eabi/lib/thumb/v7e-m/nofp/libm.a(lib_a-s_ceil.o)
                              out/radio.o (ceil)
/usr/lib/gcc/arm-none-eabi/9.2.1/../../../arm-none-eabi/lib/thumb/v7e-m/nofp/libm.a(lib_a-s_floor.o)
                              out/radio.o (floor)
/usr/lib/gcc/arm-none-eabi/9.2.1/../../../arm-none-eabi/lib/thumb/v7e-m/nofp/libm.a(lib_a-s_rint.o)
                              out/radio.o (rint)
/usr/lib/gcc/arm-none-eabi/9.2.1/../../../arm-none-eabi/lib/thumb/v7e-m/nofp/libm.a(lib_a-s_round.o)
                              out/rtc-board.o (round)

Allocating common symbols
Common symbol       size              file

irqRegs             0x2               out/radio.o
SX126x              0x3c              out/radio.o
RtcCalendarContext  0xc               out/rtc-board.o
CommonStatus        0x1               out/LoRaMacConfirmQueue.o
RtcTimerContext     0x8               out/rtc-board.o
g_dma_callback_handler
                    0x20              out/tremo_dma.o
BufferStart         0x4               out/LoRaMacConfirmQueue.o
LoRaMacFlags        0x1               out/LoRaMac.o
LoRaMacParamsDefaults
[...]
Memory Configuration

Name             Origin             Length             Attributes
FLASH            0x0000000008000000 0x0000000000020000 xr
RAM              0x0000000020000000 0x0000000000004000 xrw
*default*        0x0000000000000000 0xffffffffffffffff

Linker script and memory map

LOAD /usr/lib/gcc/arm-none-eabi/9.2.1/thumb/v7e-m/nofp/crti.o
LOAD /usr/lib/gcc/arm-none-eabi/9.2.1/thumb/v7e-m/nofp/crtbegin.o
LOAD /usr/lib/gcc/arm-none-eabi/9.2.1/../../../arm-none-eabi/lib/thumb/v7e-m/nofp/crt0.o
LOAD out/tremo_it.o
LOAD out/classC.o
LOAD out/main.o
LOAD out/printf-stdarg.o
LOAD out/system_cm4.o
LOAD out/tremo_crc.o
LOAD out/tremo_lcd.o
LOAD out/tremo_rcc.o
LOAD out/tremo_lpuart.o
LOAD out/tremo_wdg.o
LOAD out/tremo_adc.o
LOAD out/tremo_spi.o
LOAD out/tremo_i2s.o
LOAD out/tremo_gpio.o
LOAD out/tremo_bstimer.o
LOAD out/tremo_iwdg.o
LOAD out/tremo_uart.o
LOAD out/tremo_lptimer.o
LOAD out/tremo_dma.o
LOAD out/tremo_delay.o
LOAD out/tremo_dac.o
LOAD out/tremo_rtc.o
LOAD out/tremo_pwr.o
LOAD out/tremo_i2c.o
LOAD out/tremo_system.o
LOAD out/tremo_timer.o
LOAD out/tremo_flash.o
LOAD out/delay.o
LOAD out/timer.o
LOAD out/cmac.o
LOAD out/radio.o
LOAD out/sx126x.o
LOAD out/utilities.o
LOAD out/rtc-board.o
LOAD out/sx1262-board.o
LOAD out/LoRaMacConfirmQueue.o
LOAD out/LoRaMac.o
LOAD out/LoRaMacClassB.o
LOAD out/LoRaMacCrypto.o
LOAD out/Region.o
LOAD out/RegionCommon.o
LOAD out/RegionCN470.o
LOAD out/startup_cm4.o
LOAD /home/ronggurmwp/Ai-Thinker-LoRaWAN-Ra-08/drivers/crypto/lib/libcrypto.a
START GROUP
LOAD /usr/lib/gcc/arm-none-eabi/9.2.1/thumb/v7e-m/nofp/libgcc.a
LOAD /usr/lib/gcc/arm-none-eabi/9.2.1/../../../arm-none-eabi/lib/thumb/v7e-m/nofp/libc.a
END GROUP
LOAD /usr/lib/gcc/arm-none-eabi/9.2.1/thumb/v7e-m/nofp/crtend.o
LOAD /usr/lib/gcc/arm-none-eabi/9.2.1/thumb/v7e-m/nofp/crtn.o
                0x0000000020004000                _estack = 0x20004000
                0x0000000000000000                _HEAP_SIZE = 0x0
                0x0000000000001000                _STACK_SIZE = 0x1000

.isr_vector     0x0000000008000000       0xd4
                0x0000000008000000                . = ALIGN (0x4)
 *(.isr_vector)
 .isr_vector    0x0000000008000000       0xd4 out/startup_cm4.o
                0x0000000008000000                g_pfnVectors
                0x00000000080000d4                . = ALIGN (0x4)

.text           0x00000000080000d8     0x8d80
                0x00000000080000d8                . = ALIGN (0x4)
 *(.text)
 .text          0x00000000080000d8       0x88 /usr/lib/gcc/arm-none-eabi/9.2.1/thumb/v7e-m/nofp/crtbegin.o
 .text          0x0000000008000160      0x1ec /home/ronggurmwp/Ai-Thinker-LoRaWAN-Ra-08/drivers/crypto/lib/libcrypto.a(aes.o)
                0x0000000008000160                aes_init
                0x0000000008000270                aes_crypto
                0x0000000008000314                aes_close
 .text          0x000000000800034c      0x378 /usr/lib/gcc/arm-none-eabi/9.2.1/thumb/v7e-m/nofp/libgcc.a(_arm_addsubdf3.o)
                0x000000000800034c                __aeabi_drsub
                0x0000000008000354                __aeabi_dsub
                0x0000000008000354                __subdf3
                0x0000000008000358                __adddf3
                0x0000000008000358                __aeabi_dadd
                0x00000000080005d0                __aeabi_ui2d
                0x00000000080005d0                __floatunsidf
                0x00000000080005f0                __floatsidf
                0x00000000080005f0                __aeabi_i2d
                0x0000000008000614                __extendsfdf2
                0x0000000008000614                __aeabi_f2d
                0x0000000008000658                __aeabi_ul2d
                0x0000000008000658                __floatundidf
                0x0000000008000668                __floatdidf
                0x0000000008000668                __aeabi_l2d
 .text          0x00000000080006c4      0x424 /usr/lib/gcc/arm-none-eabi/9.2.1/thumb/v7e-m/nofp/libgcc.a(_arm_muldivdf3.o)
                0x00000000080006c4                __aeabi_dmul
                0x00000000080006c4                __muldf3
                0x0000000008000918                __aeabi_ddiv
                0x0000000008000918                __divdf3
 .text          0x0000000008000ae8      0x110 /usr/lib/gcc/arm-none-eabi/9.2.1/thumb/v7e-m/nofp/libgcc.a(_arm_cmpdf2.o)
                0x0000000008000ae8                __gtdf2
                0x0000000008000ae8                __gedf2
                0x0000000008000af0                __ltdf2
                0x0000000008000af0                __ledf2
                0x0000000008000af8                __cmpdf2
                0x0000000008000af8                __eqdf2
                0x0000000008000af8                __nedf2
                0x0000000008000b74                __aeabi_cdrcmple
                0x0000000008000b84                __aeabi_cdcmple
                0x0000000008000b84                __aeabi_cdcmpeq
                0x0000000008000b94                __aeabi_dcmpeq
                0x0000000008000ba8                __aeabi_dcmplt
                0x0000000008000bbc                __aeabi_dcmple
                0x0000000008000bd0                __aeabi_dcmpge
                0x0000000008000be4                __aeabi_dcmpgt
 .text          0x0000000008000bf8       0x50 /usr/lib/gcc/arm-none-eabi/9.2.1/thumb/v7e-m/nofp/libgcc.a(_arm_fixdfsi.o)
                0x0000000008000bf8                __fixdfsi
                0x0000000008000bf8                __aeabi_d2iz
 .text          0x0000000008000c48       0x40 /usr/lib/gcc/arm-none-eabi/9.2.1/thumb/v7e-m/nofp/libgcc.a(_arm_fixunsdfsi.o)
                0x0000000008000c48                __fixunsdfsi
                0x0000000008000c48                __aeabi_d2uiz
 .text          0x0000000008000c88       0x30 /usr/lib/gcc/arm-none-eabi/9.2.1/thumb/v7e-m/nofp/libgcc.a(_aeabi_uldivmod.o)
                0x0000000008000c88                __aeabi_uldivmod
 .text          0x0000000008000cb8       0x3c /usr/lib/gcc/arm-none-eabi/9.2.1/thumb/v7e-m/nofp/libgcc.a(_fixunsdfdi.o)
                0x0000000008000cb8                __aeabi_d2ulz
                0x0000000008000cb8                __fixunsdfdi
 .text          0x0000000008000cf4      0x2c0 /usr/lib/gcc/arm-none-eabi/9.2.1/thumb/v7e-m/nofp/libgcc.a(_udivmoddi4.o)
                0x0000000008000cf4                __udivmoddi4
 .text          0x0000000008000fb4        0x4 /usr/lib/gcc/arm-none-eabi/9.2.1/thumb/v7e-m/nofp/libgcc.a(_dvmd_tls.o)
                0x0000000008000fb4                __aeabi_ldiv0
                0x0000000008000fb4                __aeabi_idiv0
 .text          0x0000000008000fb8        0xc /usr/lib/gcc/arm-none-eabi/9.2.1/../../../arm-none-eabi/lib/thumb/v7e-m/nofp/libc.a(lib_a-atexit.o)
                0x0000000008000fb8                atexit
 .text          0x0000000008000fc4       0x34 /usr/lib/gcc/arm-none-eabi/9.2.1/../../../arm-none-eabi/lib/thumb/v7e-m/nofp/libc.a(lib_a-fini.o)
                0x0000000008000fc4                __libc_fini_array
 .text          0x0000000008000ff8       0x48 /usr/lib/gcc/arm-none-eabi/9.2.1/../../../arm-none-eabi/lib/thumb/v7e-m/nofp/libc.a(lib_a-init.o)
                0x0000000008000ff8                __libc_init_array
 .text          0x0000000008001040      0x134 /usr/lib/gcc/arm-none-eabi/9.2.1/../../../arm-none-eabi/lib/thumb/v7e-m/nofp/libc.a(lib_a-memcpy.o)
                0x0000000008001040                memcpy
 .text          0x0000000008001174       0xa0 /usr/lib/gcc/arm-none-eabi/9.2.1/../../../arm-none-eabi/lib/thumb/v7e-m/nofp/libc.a(lib_a-memset.o)
                0x0000000008001174                memset
 .text          0x0000000008001214       0x68 /usr/lib/gcc/arm-none-eabi/9.2.1/../../../arm-none-eabi/lib/thumb/v7e-m/nofp/libc.a(lib_a-__atexit.o)
                0x0000000008001214                __register_exitproc
 *fill*         0x000000000800127c        0x4 
 .text          0x0000000008001280      0x108 /usr/lib/gcc/arm-none-eabi/9.2.1/../../../arm-none-eabi/lib/thumb/v7e-m/nofp/libm.a(lib_a-s_ceil.o)
                0x0000000008001280                ceil
 .text          0x0000000008001388      0x108 /usr/lib/gcc/arm-none-eabi/9.2.1/../../../arm-none-eabi/lib/thumb/v7e-m/nofp/libm.a(lib_a-s_floor.o)
                0x0000000008001388                floor
 .text          0x0000000008001490      0x118 /usr/lib/gcc/arm-none-eabi/9.2.1/../../../arm-none-eabi/lib/thumb/v7e-m/nofp/libm.a(lib_a-s_rint.o)
                0x0000000008001490                rint
 .text          0x00000000080015a8       0x90 /usr/lib/gcc/arm-none-eabi/9.2.1/../../../arm-none-eabi/lib/thumb/v7e-m/nofp/libm.a(lib_a-s_round.o)
                0x00000000080015a8                round
 *(.text*)
 .text.NMI_Handler
                0x0000000008001638        0x2 out/tremo_it.o
                0x0000000008001638                NMI_Handler
 .text.HardFault_Handler
                0x000000000800163a        0x2 out/tremo_it.o
                0x000000000800163a                HardFault_Handler
 .text.MemManage_Handler
                0x000000000800163c        0x2 out/tremo_it.o
                0x000000000800163c                MemManage_Handler
 .text.BusFault_Handler
                0x000000000800163e        0x2 out/tremo_it.o
                0x000000000800163e                BusFault_Handler
 .text.UsageFault_Handler
                0x0000000008001640        0x2 out/tremo_it.o
                0x0000000008001640                UsageFault_Handler
 .text.SVC_Handler
                0x0000000008001642        0x2 out/tremo_it.o
                0x0000000008001642                SVC_Handler
 .text.PendSV_Handler
                0x0000000008001644        0x2 out/tremo_it.o
                0x0000000008001644                PendSV_Handler
 .text.SysTick_Handler
                0x0000000008001646        0x2 out/tremo_it.o
                0x0000000008001646                SysTick_Handler
 .text.PWR_IRQHandler
                0x0000000008001648        0x2 out/tremo_it.o
                0x0000000008001648                PWR_IRQHandler
 .text.LORA_IRQHandler
                0x000000000800164a        0x4 out/tremo_it.o
                0x000000000800164a                LORA_IRQHandler
 .text.RTC_IRQHandler
                0x000000000800164e        0x4 out/tremo_it.o
                0x000000000800164e                RTC_IRQHandler
 *fill*         0x0000000008001652        0x2 
 .text.McpsConfirm
                0x0000000008001654        0xc out/classC.o
 .text.BoardGetBatteryLevel
                0x0000000008001660        0x4 out/classC.o
                0x0000000008001660                BoardGetBatteryLevel
 .text.MlmeConfirm
                0x0000000008001664       0x64 out/classC.o
 .text.OnTxNextPacketTimerEvent
                0x00000000080016c8       0x5c out/classC.o
 .text.MlmeIndication
                0x0000000008001724        0xc out/classC.o
 .text.McpsIndication
                0x0000000008001730       0x60 out/classC.o
 .text.app_start
                0x0000000008001790      0x1ac out/classC.o
                0x0000000008001790                app_start
 .text.uart_log_init
                0x000000000800193c       0x40 out/main.o
                0x000000000800193c                uart_log_init
 .text.board_init
                0x000000000800197c       0x6a out/main.o
                0x000000000800197c                board_init
 .text.startup.main
                0x00000000080019e6        0xe out/main.o
                0x00000000080019e6                main
 .text._out_null
                0x00000000080019f4        0x2 out/printf-stdarg.o
 .text._out_rev
                0x00000000080019f6       0x96 out/printf-stdarg.o
 .text._ntoa_format
                0x0000000008001a8c      0x10a out/printf-stdarg.o
 .text._ntoa_long
                0x0000000008001b96       0x82 out/printf-stdarg.o
 .text._ntoa_long_long
                0x0000000008001c18       0xa6 out/printf-stdarg.o
 *fill*         0x0000000008001cbe        0x2 
 .text._out_char
                0x0000000008001cc0       0x10 out/printf-stdarg.o
 .text._ftoa    0x0000000008001cd0      0x32c out/printf-stdarg.o
 *fill*         0x0000000008001ffc        0x4 
 .text._etoa    0x0000000008002000      0x3b8 out/printf-stdarg.o
 .text._vsnprintf
                0x00000000080023b8      0x550 out/printf-stdarg.o
 .text.__wrap_printf
                0x0000000008002908       0x28 out/printf-stdarg.o
                0x0000000008002908                __wrap_printf
 .text.nvic_init
                0x0000000008002930       0x24 out/system_cm4.o
                0x0000000008002930                nvic_init
 .text.system_init
                0x0000000008002954       0x44 out/system_cm4.o
                0x0000000008002954                system_init
 .text.rcc_get_clk_freq
                0x0000000008002998       0x9c out/tremo_rcc.o
                0x0000000008002998                rcc_get_clk_freq
 .text.rcc_get_uart0_clk_source
                0x0000000008002a34        0xc out/tremo_rcc.o
                0x0000000008002a34                rcc_get_uart0_clk_source
 .text.rcc_get_uart1_clk_source
                0x0000000008002a40        0xc out/tremo_rcc.o
                0x0000000008002a40                rcc_get_uart1_clk_source
 .text.rcc_get_uart2_clk_source
                0x0000000008002a4c        0xc out/tremo_rcc.o
                0x0000000008002a4c                rcc_get_uart2_clk_source
 .text.rcc_get_uart3_clk_source
                0x0000000008002a58        0xc out/tremo_rcc.o
                0x0000000008002a58                rcc_get_uart3_clk_source
 .text.rcc_get_rtc_clk_source
                0x0000000008002a64        0xc out/tremo_rcc.o
                0x0000000008002a64                rcc_get_rtc_clk_source
 .text.rcc_enable_peripheral_clk
                0x0000000008002a70      0x4b4 out/tremo_rcc.o
                0x0000000008002a70                rcc_enable_peripheral_clk
 .text.rcc_enable_oscillator
                0x0000000008002f24       0xfc out/tremo_rcc.o
                0x0000000008002f24                rcc_enable_oscillator
 .text.rcc_rst_peripheral
                0x0000000008003020       0x4a out/tremo_rcc.o
                0x0000000008003020                rcc_rst_peripheral
 *fill*         0x000000000800306a        0x2 
 .text.gpio_init
                0x000000000800306c      0x124 out/tremo_gpio.o
                0x000000000800306c                gpio_init
 .text.gpio_set_iomux
                0x0000000008003190       0x40 out/tremo_gpio.o
                0x0000000008003190                gpio_set_iomux
 .text.uart_send_data
                0x00000000080031d0        0xa out/tremo_uart.o
                0x00000000080031d0                uart_send_data
 .text.uart_config_init
                0x00000000080031da       0x16 out/tremo_uart.o
                0x00000000080031da                uart_config_init
 .text.uart_cmd
                0x00000000080031f0       0x12 out/tremo_uart.o
                0x00000000080031f0                uart_cmd
 *fill*         0x0000000008003202        0x2 
 .text.uart_init
                0x0000000008003204      0x140 out/tremo_uart.o
                0x0000000008003204                uart_init
 .text.delay_init
                0x0000000008003344       0x48 out/tremo_delay.o
                0x0000000008003344                delay_init
 .text.delay_us
                0x000000000800338c       0x30 out/tremo_delay.o
                0x000000000800338c                delay_us
 .text.delay_ms
                0x00000000080033bc        0xa out/tremo_delay.o
                0x00000000080033bc                delay_ms
 .text.rtc_deinit
                0x00000000080033c6       0x1e out/tremo_rtc.o
                0x00000000080033c6                rtc_deinit
 .text.rtc_check_syn
                0x00000000080033e4       0x14 out/tremo_rtc.o
                0x00000000080033e4                rtc_check_syn
 .text.rtc_calendar_cmd
                0x00000000080033f8       0x20 out/tremo_rtc.o
                0x00000000080033f8                rtc_calendar_cmd
 .text.rtc_cyc_cmd
                0x0000000008003418       0x20 out/tremo_rtc.o
                0x0000000008003418                rtc_cyc_cmd
 .text.rtc_config_cyc_wakeup
                0x0000000008003438       0x24 out/tremo_rtc.o
                0x0000000008003438                rtc_config_cyc_wakeup
 .text.rtc_get_calendar
                0x000000000800345c       0xdc out/tremo_rtc.o
                0x000000000800345c                rtc_get_calendar
 .text.rtc_set_status
                0x0000000008003538       0x30 out/tremo_rtc.o
                0x0000000008003538                rtc_set_status
 .text.rtc_get_status
                0x0000000008003568       0x38 out/tremo_rtc.o
                0x0000000008003568                rtc_get_status
 .text.rtc_config_interrupt
                0x00000000080035a0       0x38 out/tremo_rtc.o
                0x00000000080035a0                rtc_config_interrupt
 .text.rtc_config_cyc_max
                0x00000000080035d8       0x14 out/tremo_rtc.o
                0x00000000080035d8                rtc_config_cyc_max
 .text.pwr_xo32k_lpm_cmd
                0x00000000080035ec       0x18 out/tremo_pwr.o
                0x00000000080035ec                pwr_xo32k_lpm_cmd
 .text.DelayMs  0x0000000008003604        0x4 out/delay.o
                0x0000000008003604                DelayMs
 .text.TimeStampsUpdate
                0x0000000008003608       0x2c out/timer.o
 .text.TimerInsertNewHeadTimer
                0x0000000008003634       0x1c out/timer.o
 .text.TimerSetSysTime
                0x0000000008003650       0x30 out/timer.o
                0x0000000008003650                TimerSetSysTime
 .text.TimerInit
                0x0000000008003680        0xe out/timer.o
                0x0000000008003680                TimerInit
 *fill*         0x000000000800368e        0x2 
 .text.TimerStart
                0x0000000008003690       0x78 out/timer.o
                0x0000000008003690                TimerStart
 .text.TimerIrqHandler
                0x0000000008003708       0x68 out/timer.o
                0x0000000008003708                TimerIrqHandler
 .text.TimerStop
                0x0000000008003770       0x60 out/timer.o
                0x0000000008003770                TimerStop
 .text.TimerSetValue
                0x00000000080037d0       0x10 out/timer.o
                0x00000000080037d0                TimerSetValue
 .text.TimerGetCurrentTime
                0x00000000080037e0       0x18 out/timer.o
                0x00000000080037e0                TimerGetCurrentTime
 .text.TimerGetSysTime
                0x00000000080037f8       0x2c out/timer.o
                0x00000000080037f8                TimerGetSysTime
 .text.TimerGetElapsedTime
                0x0000000008003824       0x12 out/timer.o
                0x0000000008003824                TimerGetElapsedTime
 .text.AES_CMAC_Init
                0x0000000008003836       0x14 out/cmac.o
                0x0000000008003836                AES_CMAC_Init
 .text.AES_CMAC_SetKey
                0x000000000800384a        0xc out/cmac.o
                0x000000000800384a                AES_CMAC_SetKey
 .text.AES_CMAC_Update
                0x0000000008003856       0xb0 out/cmac.o
                0x0000000008003856                AES_CMAC_Update
 .text.AES_CMAC_Final
                0x0000000008003906      0x15e out/cmac.o
                0x0000000008003906                AES_CMAC_Final
 .text.RadioCheckRfFrequency
                0x0000000008003a64        0x4 out/radio.o
                0x0000000008003a64                RadioCheckRfFrequency
 .text.RadioOnTxTimeoutIrq
                0x0000000008003a68       0x14 out/radio.o
                0x0000000008003a68                RadioOnTxTimeoutIrq
 .text.RadioOnRxTimeoutIrq
                0x0000000008003a7c       0x14 out/radio.o
                0x0000000008003a7c                RadioOnRxTimeoutIrq
 .text.RadioStandby
                0x0000000008003a90        0x6 out/radio.o
                0x0000000008003a90                RadioStandby
 *fill*         0x0000000008003a96        0x2 
 .text.RadioInit
                0x0000000008003a98       0x6c out/radio.o
                0x0000000008003a98                RadioInit
 .text.RadioGetStatus
                0x0000000008003b04       0x18 out/radio.o
                0x0000000008003b04                RadioGetStatus
 .text.RadioSetChannel
                0x0000000008003b1c        0x4 out/radio.o
                0x0000000008003b1c                RadioSetChannel
 .text.RadioRssi
                0x0000000008003b20        0xa out/radio.o
                0x0000000008003b20                RadioRssi
 .text.RadioRead
                0x0000000008003b2a        0x4 out/radio.o
                0x0000000008003b2a                RadioRead
 .text.RadioWrite
                0x0000000008003b2e        0x4 out/radio.o
                0x0000000008003b2e                RadioWrite
 *fill*         0x0000000008003b32        0x2 
 .text.RadioSend
                0x0000000008003b34       0x54 out/radio.o
                0x0000000008003b34                RadioSend
 .text.RadioSleep
                0x0000000008003b88       0x14 out/radio.o
                0x0000000008003b88                RadioSleep
 .text.RadioSetRxDutyCycle
                0x0000000008003b9c        0x4 out/radio.o
                0x0000000008003b9c                RadioSetRxDutyCycle
 .text.RadioStartCad
                0x0000000008003ba0       0x6c out/radio.o
                0x0000000008003ba0                RadioStartCad
 .text.RadioSetTxContinuousWave
                0x0000000008003c0c       0x4c out/radio.o
                0x0000000008003c0c                RadioSetTxContinuousWave
 .text.RadioWriteBuffer
                0x0000000008003c58        0x4 out/radio.o
                0x0000000008003c58                RadioWriteBuffer
 .text.RadioReadBuffer
                0x0000000008003c5c        0x4 out/radio.o
                0x0000000008003c5c                RadioReadBuffer
 .text.RadioGetWakeupTime
                0x0000000008003c60        0xa out/radio.o
                0x0000000008003c60                RadioGetWakeupTime
 *fill*         0x0000000008003c6a        0x2 
 .text.RadioOnCadTimeoutIrq
                0x0000000008003c6c       0x20 out/radio.o
                0x0000000008003c6c                RadioOnCadTimeoutIrq
 .text.RadioGetFskBandwidthRegValue
                0x0000000008003c8c       0x34 out/radio.o
 .text.RadioSetMaxPayloadLength
                0x0000000008003cc0       0x28 out/radio.o
                0x0000000008003cc0                RadioSetMaxPayloadLength
 .text.RadioRx  0x0000000008003ce8       0x44 out/radio.o
                0x0000000008003ce8                RadioRx
 .text.RadioRxBoosted
                0x0000000008003d2c       0x40 out/radio.o
                0x0000000008003d2c                RadioRxBoosted
 .text.RadioIrqProcess
                0x0000000008003d6c      0x160 out/radio.o
                0x0000000008003d6c                RadioIrqProcess
 .text.RadioSetPublicNetwork
                0x0000000008003ecc       0x3c out/radio.o
                0x0000000008003ecc                RadioSetPublicNetwork
 .text.RadioSetModem.part.0
                0x0000000008003f08       0x24 out/radio.o
 .text.RadioSetModem
                0x0000000008003f2c       0x20 out/radio.o
                0x0000000008003f2c                RadioSetModem
 .text.RadioIsChannelFree
                0x0000000008003f4c       0x4e out/radio.o
                0x0000000008003f4c                RadioIsChannelFree
 .text.RadioRandom
                0x0000000008003f9a       0x3c out/radio.o
                0x0000000008003f9a                RadioRandom
 *fill*         0x0000000008003fd6        0x2 
 .text.RadioSymbTime
                0x0000000008003fd8       0x2c out/radio.o
                0x0000000008003fd8                RadioSymbTime
 *fill*         0x0000000008004004        0x4 
 .text.RadioSetRxConfig
                0x0000000008004008      0x21c out/radio.o
                0x0000000008004008                RadioSetRxConfig
 *fill*         0x0000000008004224        0x4 
 .text.RadioSetTxConfig
                0x0000000008004228      0x198 out/radio.o
                0x0000000008004228                RadioSetTxConfig
 .text.RadioTimeOnAir
                0x00000000080043c0      0x190 out/radio.o
                0x00000000080043c0                RadioTimeOnAir
 .text.RadioOnDioIrq
                0x0000000008004550       0x24 out/radio.o
                0x0000000008004550                RadioOnDioIrq
 .text.SX126xGetOperatingMode
                0x0000000008004574        0xc out/sx126x.o
                0x0000000008004574                SX126xGetOperatingMode
 .text.SX126xSetOperatingMode
                0x0000000008004580        0xc out/sx126x.o
                0x0000000008004580                SX126xSetOperatingMode
 .text.SX126xCheckDeviceReady
                0x000000000800458c       0x24 out/sx126x.o
                0x000000000800458c                SX126xCheckDeviceReady
 .text.SX126xSetPayload
                0x00000000080045b0        0xa out/sx126x.o
                0x00000000080045b0                SX126xSetPayload
 .text.SX126xSetSyncWord
                0x00000000080045ba       0x12 out/sx126x.o
                0x00000000080045ba                SX126xSetSyncWord
 .text.SX126xSetCrcSeed
                0x00000000080045cc       0x24 out/sx126x.o
                0x00000000080045cc                SX126xSetCrcSeed
 .text.SX126xSetCrcPolynomial
                0x00000000080045f0       0x24 out/sx126x.o
                0x00000000080045f0                SX126xSetCrcPolynomial
 .text.SX126xSetWhiteningSeed
                0x0000000008004614       0x38 out/sx126x.o
                0x0000000008004614                SX126xSetWhiteningSeed
 .text.SX126xSetSleep
                0x000000000800464c       0x24 out/sx126x.o
                0x000000000800464c                SX126xSetSleep
 .text.SX126xSetStandby
                0x0000000008004670       0x2c out/sx126x.o
                0x0000000008004670                SX126xSetStandby
 .text.SX126xSetTx
                0x000000000800469c       0x2c out/sx126x.o
                0x000000000800469c                SX126xSetTx
 .text.SX126xSendPayload
                0x00000000080046c8       0x12 out/sx126x.o
                0x00000000080046c8                SX126xSendPayload
 *fill*         0x00000000080046da        0x2 
 .text.SX126xSetRx
                0x00000000080046dc       0x2c out/sx126x.o
                0x00000000080046dc                SX126xSetRx
 .text.SX126xSetRxBoosted
                0x0000000008004708       0x38 out/sx126x.o
                0x0000000008004708                SX126xSetRxBoosted
 .text.SX126xSetRxDutyCycle
                0x0000000008004740       0x38 out/sx126x.o
                0x0000000008004740                SX126xSetRxDutyCycle
 .text.SX126xSetCad
                0x0000000008004778       0x18 out/sx126x.o
                0x0000000008004778                SX126xSetCad
 .text.SX126xSetTxContinuousWave
                0x0000000008004790        0xa out/sx126x.o
                0x0000000008004790                SX126xSetTxContinuousWave
 .text.SX126xSetStopRxTimerOnPreambleDetect
                0x000000000800479a       0x18 out/sx126x.o
                0x000000000800479a                SX126xSetStopRxTimerOnPreambleDetect
 .text.SX126xSetLoRaSymbNumTimeout
                0x00000000080047b2       0x18 out/sx126x.o
                0x00000000080047b2                SX126xSetLoRaSymbNumTimeout
 .text.SX126xSetRegulatorMode
                0x00000000080047ca       0x18 out/sx126x.o
                0x00000000080047ca                SX126xSetRegulatorMode
 *fill*         0x00000000080047e2        0x2 
 .text.SX126xCalibrateImage
                0x00000000080047e4       0x64 out/sx126x.o
                0x00000000080047e4                SX126xCalibrateImage
 .text.SX126xSetPaConfig
                0x0000000008004848       0x24 out/sx126x.o
                0x0000000008004848                SX126xSetPaConfig
 .text.SX126xSetDioIrqParams
                0x000000000800486c       0x2a out/sx126x.o
                0x000000000800486c                SX126xSetDioIrqParams
 .text.SX126xGetIrqStatus
                0x0000000008004896       0x1e out/sx126x.o
                0x0000000008004896                SX126xGetIrqStatus
 .text.SX126xSetDio2AsRfSwitchCtrl
                0x00000000080048b4       0x18 out/sx126x.o
                0x00000000080048b4                SX126xSetDio2AsRfSwitchCtrl
 .text.SX126xInit
                0x00000000080048cc       0x28 out/sx126x.o
                0x00000000080048cc                SX126xInit
 *fill*         0x00000000080048f4        0x4 
 .text.SX126xSetRfFrequency
                0x00000000080048f8       0x4c out/sx126x.o
                0x00000000080048f8                SX126xSetRfFrequency
 .text.SX126xSetPacketType
                0x0000000008004944       0x20 out/sx126x.o
                0x0000000008004944                SX126xSetPacketType
 .text.SX126xGetPacketType
                0x0000000008004964        0xc out/sx126x.o
                0x0000000008004964                SX126xGetPacketType
 .text.SX126xSetTxParams
                0x0000000008004970       0xbc out/sx126x.o
                0x0000000008004970                SX126xSetTxParams
 *fill*         0x0000000008004a2c        0x4 
 .text.SX126xSetModulationParams
                0x0000000008004a30       0xb4 out/sx126x.o
                0x0000000008004a30                SX126xSetModulationParams
 .text.SX126xSetPacketParams
                0x0000000008004ae4       0xac out/sx126x.o
                0x0000000008004ae4                SX126xSetPacketParams
 .text.SX126xSetCadParams
                0x0000000008004b90       0x3c out/sx126x.o
                0x0000000008004b90                SX126xSetCadParams
 .text.SX126xSetBufferBaseAddress
                0x0000000008004bcc       0x1a out/sx126x.o
                0x0000000008004bcc                SX126xSetBufferBaseAddress
 .text.SX126xGetRssiInst
                0x0000000008004be6       0x1a out/sx126x.o
                0x0000000008004be6                SX126xGetRssiInst
 .text.SX126xGetRxBufferStatus
                0x0000000008004c00       0x48 out/sx126x.o
                0x0000000008004c00                SX126xGetRxBufferStatus
 .text.SX126xGetPayload
                0x0000000008004c48       0x32 out/sx126x.o
                0x0000000008004c48                SX126xGetPayload
 *fill*         0x0000000008004c7a        0x2 
 .text.SX126xGetPacketStatus
                0x0000000008004c7c       0x80 out/sx126x.o
                0x0000000008004c7c                SX126xGetPacketStatus
 .text.SX126xClearIrqStatus
                0x0000000008004cfc       0x18 out/sx126x.o
                0x0000000008004cfc                SX126xClearIrqStatus
 .text.rand1    0x0000000008004d14       0x28 out/utilities.o
                0x0000000008004d14                rand1
 .text.srand1   0x0000000008004d3c        0xc out/utilities.o
                0x0000000008004d3c                srand1
 .text.randr    0x0000000008004d48       0x1a out/utilities.o
                0x0000000008004d48                randr
 .text.memcpy1  0x0000000008004d62       0x14 out/utilities.o
                0x0000000008004d62                memcpy1
 .text.memcpyr  0x0000000008004d76       0x14 out/utilities.o
                0x0000000008004d76                memcpyr
 .text.memset1  0x0000000008004d8a        0xe out/utilities.o
                0x0000000008004d8a                memset1
 .text.RtcInit  0x0000000008004d98       0x30 out/rtc-board.o
                0x0000000008004d98                RtcInit
 .text.RtcSetTimeout
                0x0000000008004dc8       0x8c out/rtc-board.o
                0x0000000008004dc8                RtcSetTimeout
 .text.RtcStopTimeout
                0x0000000008004e54       0x14 out/rtc-board.o
                0x0000000008004e54                RtcStopTimeout
 .text.RtcGetTimerContext
                0x0000000008004e68        0xc out/rtc-board.o
                0x0000000008004e68                RtcGetTimerContext
 .text.RtcGetTimerValue
                0x0000000008004e74      0x120 out/rtc-board.o
                0x0000000008004e74                RtcGetTimerValue
 .text.RtcSetTimerContext
                0x0000000008004f94       0x18 out/rtc-board.o
                0x0000000008004f94                RtcSetTimerContext
 .text.RtcGetElapsedTime
                0x0000000008004fac       0x18 out/rtc-board.o
                0x0000000008004fac                RtcGetElapsedTime
 .text.RtcOnIrq
                0x0000000008004fc4       0x32 out/rtc-board.o
                0x0000000008004fc4                RtcOnIrq
 .text.BoardDisableIrq
                0x0000000008004ff6        0x4 out/sx1262-board.o
                0x0000000008004ff6                BoardDisableIrq
 .text.BoardEnableIrq
                0x0000000008004ffa        0x4 out/sx1262-board.o
                0x0000000008004ffa                BoardEnableIrq
 *fill*         0x0000000008004ffe        0x2 
 .text.SpiInOut
                0x0000000008005000       0x18 out/sx1262-board.o
                0x0000000008005000                SpiInOut
 .text.SX126xLoracInit
                0x0000000008005018       0x5c out/sx1262-board.o
                0x0000000008005018                SX126xLoracInit
 .text.SX126xGetBoardTcxoWakeupTime
                0x0000000008005074        0x4 out/sx1262-board.o
                0x0000000008005074                SX126xGetBoardTcxoWakeupTime
 .text.SX126xReset
                0x0000000008005078       0x54 out/sx1262-board.o
                0x0000000008005078                SX126xReset
 .text.SX126xWaitOnBusy
                0x00000000080050cc       0x18 out/sx1262-board.o
                0x00000000080050cc                SX126xWaitOnBusy
 .text.SX126xWakeup
                0x00000000080050e4       0x30 out/sx1262-board.o
                0x00000000080050e4                SX126xWakeup
 .text.SX126xWriteCommand
                0x0000000008005114       0x44 out/sx1262-board.o
                0x0000000008005114                SX126xWriteCommand
 .text.SX126xReadCommand
                0x0000000008005158       0x48 out/sx1262-board.o
                0x0000000008005158                SX126xReadCommand
 .text.SX126xWriteRegisters
                0x00000000080051a0       0x48 out/sx1262-board.o
                0x00000000080051a0                SX126xWriteRegisters
 .text.SX126xWriteRegister
                0x00000000080051e8       0x16 out/sx1262-board.o
                0x00000000080051e8                SX126xWriteRegister
 *fill*         0x00000000080051fe        0x2 
 .text.SX126xReadRegisters
                0x0000000008005200       0x50 out/sx1262-board.o
                0x0000000008005200                SX126xReadRegisters
 .text.SX126xReadRegister
                0x0000000008005250       0x16 out/sx1262-board.o
                0x0000000008005250                SX126xReadRegister
 *fill*         0x0000000008005266        0x2 
 .text.SX126xWriteBuffer
                0x0000000008005268       0x48 out/sx1262-board.o
                0x0000000008005268                SX126xWriteBuffer
 .text.SX126xReadBuffer
                0x00000000080052b0       0x50 out/sx1262-board.o
                0x00000000080052b0                SX126xReadBuffer
 .text.SX126xSetRfTxPower
                0x0000000008005300        0x6 out/sx1262-board.o
                0x0000000008005300                SX126xSetRfTxPower
 .text.SX126xGetPaSelect
                0x0000000008005306        0x4 out/sx1262-board.o
                0x0000000008005306                SX126xGetPaSelect
 *fill*         0x000000000800530a        0x2 
 .text.SX126xAntSwOn
                0x000000000800530c       0x10 out/sx1262-board.o
                0x000000000800530c                SX126xAntSwOn
 .text.SX126xAntSwOff
                0x000000000800531c       0x10 out/sx1262-board.o
                0x000000000800531c                SX126xAntSwOff
 .text.LoRaMacConfirmQueueInit
                0x000000000800532c       0x34 out/LoRaMacConfirmQueue.o
                0x000000000800532c                LoRaMacConfirmQueueInit
 .text.LoRaMacConfirmQueueAdd
                0x0000000008005360       0x44 out/LoRaMacConfirmQueue.o
                0x0000000008005360                LoRaMacConfirmQueueAdd
 .text.LoRaMacConfirmQueueRemoveLast
                0x00000000080053a4       0x28 out/LoRaMacConfirmQueue.o
                0x00000000080053a4                LoRaMacConfirmQueueRemoveLast
 .text.LoRaMacConfirmQueueRemoveFirst
                0x00000000080053cc       0x28 out/LoRaMacConfirmQueue.o
                0x00000000080053cc                LoRaMacConfirmQueueRemoveFirst
 .text.LoRaMacConfirmQueueSetStatus
                0x00000000080053f4       0x40 out/LoRaMacConfirmQueue.o
                0x00000000080053f4                LoRaMacConfirmQueueSetStatus
 .text.LoRaMacConfirmQueueGetStatus
                0x0000000008005434       0x3c out/LoRaMacConfirmQueue.o
                0x0000000008005434                LoRaMacConfirmQueueGetStatus
 .text.LoRaMacConfirmQueueSetStatusCmn
                0x0000000008005470       0x44 out/LoRaMacConfirmQueue.o
                0x0000000008005470                LoRaMacConfirmQueueSetStatusCmn
 .text.LoRaMacConfirmQueueGetStatusCmn
                0x00000000080054b4        0xc out/LoRaMacConfirmQueue.o
                0x00000000080054b4                LoRaMacConfirmQueueGetStatusCmn
 .text.LoRaMacConfirmQueueIsCmdActive
                0x00000000080054c0       0x38 out/LoRaMacConfirmQueue.o
                0x00000000080054c0                LoRaMacConfirmQueueIsCmdActive
 .text.LoRaMacConfirmQueueHandleCb
                0x00000000080054f8       0x60 out/LoRaMacConfirmQueue.o
                0x00000000080054f8                LoRaMacConfirmQueueHandleCb
 .text.LoRaMacConfirmQueueGetCnt
                0x0000000008005558        0xc out/LoRaMacConfirmQueue.o
                0x0000000008005558                LoRaMacConfirmQueueGetCnt
 .text.LoRaMacConfirmQueueIsFull
                0x0000000008005564       0x14 out/LoRaMacConfirmQueue.o
                0x0000000008005564                LoRaMacConfirmQueueIsFull
 .text.SetMlmeScheduleUplinkIndication
                0x0000000008005578       0x1c out/LoRaMac.o
 .text.AddMacCommand
                0x0000000008005594      0x17c out/LoRaMac.o
 .text.ResetMacParameters
                0x0000000008005710       0x8c out/LoRaMac.o
 .text.ValidatePayloadLength
                0x000000000800579c       0x5c out/LoRaMac.o
 .text.OnAckTimeoutTimerEvent
                0x00000000080057f8       0x44 out/LoRaMac.o
 .text.PrepareRxDoneAbort
                0x000000000800583c       0x5c out/LoRaMac.o
 .text.ProcessMacCommands
                0x0000000008005898      0x478 out/LoRaMac.o
 .text.OnRadioRxDone
                0x0000000008005d10      0x5a8 out/LoRaMac.o
 .text.RxWindowSetup
                0x00000000080062b8       0x14 out/LoRaMac.o
 .text.OnRxWindow1TimerEvent
                0x00000000080062cc       0x74 out/LoRaMac.o
 .text.OnRxWindow2TimerEvent
                0x0000000008006340       0x74 out/LoRaMac.o
 .text.OpenContinuousRx2Window
                0x00000000080063b4       0x14 out/LoRaMac.o
 .text.OnRadioRxTimeout
                0x00000000080063c8       0xe0 out/LoRaMac.o
 .text.OnRadioTxTimeout
                0x00000000080064a8       0x3c out/LoRaMac.o
 .text.OnRadioRxError
                0x00000000080064e4       0xe0 out/LoRaMac.o
 .text.OnRadioTxDone
                0x00000000080065c4      0x128 out/LoRaMac.o
 .text.PrepareFrame
                0x00000000080066ec      0x38c out/LoRaMac.o
                0x00000000080066ec                PrepareFrame
 .text.SendFrameOnChannel
                0x0000000008006a78      0x114 out/LoRaMac.o
                0x0000000008006a78                SendFrameOnChannel
 .text.ScheduleTx
                0x0000000008006b8c      0x1a4 out/LoRaMac.o
 .text.Send     0x0000000008006d30       0x44 out/LoRaMac.o
                0x0000000008006d30                Send
 .text.OnTxDelayedTimerEvent
                0x0000000008006d74       0x7c out/LoRaMac.o
 .text.OnMacStateCheckTimerEvent
                0x0000000008006df0      0x32c out/LoRaMac.o
 .text.SetTxContinuousWave
                0x000000000800711c       0x60 out/LoRaMac.o
                0x000000000800711c                SetTxContinuousWave
 .text.SetTxContinuousWave1
                0x000000000800717c       0x40 out/LoRaMac.o
                0x000000000800717c                SetTxContinuousWave1
 .text.LoRaMacInitialization
                0x00000000080071bc      0x2f4 out/LoRaMac.o
                0x00000000080071bc                LoRaMacInitialization
 .text.LoRaMacQueryTxPossible
                0x00000000080074b0       0xdc out/LoRaMac.o
                0x00000000080074b0                LoRaMacQueryTxPossible
 .text.LoRaMacMibGetRequestConfirm
                0x000000000800758c      0x150 out/LoRaMac.o
                0x000000000800758c                LoRaMacMibGetRequestConfirm
 .text.LoRaMacMulticastChannelLink
                0x00000000080076dc       0x40 out/LoRaMac.o
                0x00000000080076dc                LoRaMacMulticastChannelLink
 .text.LoRaMacMulticastChannelUnlink
                0x000000000800771c       0x44 out/LoRaMac.o
                0x000000000800771c                LoRaMacMulticastChannelUnlink
 .text.LoRaMacMibSetRequestConfirm
                0x0000000008007760      0x350 out/LoRaMac.o
                0x0000000008007760                LoRaMacMibSetRequestConfirm
 .text.LoRaMacMlmeRequest
                0x0000000008007ab0      0x218 out/LoRaMac.o
                0x0000000008007ab0                LoRaMacMlmeRequest
 .text.LoRaMacMcpsRequest
                0x0000000008007cc8      0x130 out/LoRaMac.o
                0x0000000008007cc8                LoRaMacMcpsRequest
 .text.LoRaMacClassBInit
                0x0000000008007df8        0x2 out/LoRaMacClassB.o
                0x0000000008007df8                LoRaMacClassBInit
 .text.LoRaMacClassBSetBeaconState
                0x0000000008007dfa        0x2 out/LoRaMacClassB.o
                0x0000000008007dfa                LoRaMacClassBSetBeaconState
 .text.LoRaMacClassBSetPingSlotState
                0x0000000008007dfc        0x2 out/LoRaMacClassB.o
                0x0000000008007dfc                LoRaMacClassBSetPingSlotState
 .text.LoRaMacClassBSetMulticastSlotState
                0x0000000008007dfe        0x2 out/LoRaMacClassB.o
                0x0000000008007dfe                LoRaMacClassBSetMulticastSlotState
 .text.LoRaMacClassBIsAcquisitionInProgress
                0x0000000008007e00        0x4 out/LoRaMacClassB.o
                0x0000000008007e00                LoRaMacClassBIsAcquisitionInProgress
 .text.LoRaMacClassBBeaconTimerEvent
                0x0000000008007e04        0x2 out/LoRaMacClassB.o
                0x0000000008007e04                LoRaMacClassBBeaconTimerEvent
 .text.LoRaMacClassBPingSlotTimerEvent
                0x0000000008007e06        0x2 out/LoRaMacClassB.o
                0x0000000008007e06                LoRaMacClassBPingSlotTimerEvent
 .text.LoRaMacClassBMulticastSlotTimerEvent
                0x0000000008007e08        0x2 out/LoRaMacClassB.o
                0x0000000008007e08                LoRaMacClassBMulticastSlotTimerEvent
 .text.LoRaMacClassBRxBeacon
                0x0000000008007e0a        0x4 out/LoRaMacClassB.o
                0x0000000008007e0a                LoRaMacClassBRxBeacon
 .text.LoRaMacClassBIsBeaconExpected
                0x0000000008007e0e        0x4 out/LoRaMacClassB.o
                0x0000000008007e0e                LoRaMacClassBIsBeaconExpected
 .text.LoRaMacClassBIsPingExpected
                0x0000000008007e12        0x4 out/LoRaMacClassB.o
                0x0000000008007e12                LoRaMacClassBIsPingExpected
 .text.LoRaMacClassBIsMulticastExpected
                0x0000000008007e16        0x4 out/LoRaMacClassB.o
                0x0000000008007e16                LoRaMacClassBIsMulticastExpected
 .text.LoRaMacClassBIsBeaconModeActive
                0x0000000008007e1a        0x4 out/LoRaMacClassB.o
                0x0000000008007e1a                LoRaMacClassBIsBeaconModeActive
 .text.LoRaMacClassBSetPingSlotInfo
                0x0000000008007e1e        0x2 out/LoRaMacClassB.o
                0x0000000008007e1e                LoRaMacClassBSetPingSlotInfo
 .text.LoRaMacClassBHaltBeaconing
                0x0000000008007e20        0x2 out/LoRaMacClassB.o
                0x0000000008007e20                LoRaMacClassBHaltBeaconing
 .text.LoRaMacClassBResumeBeaconing
                0x0000000008007e22        0x2 out/LoRaMacClassB.o
                0x0000000008007e22                LoRaMacClassBResumeBeaconing
 .text.LoRaMacClassBSwitchClass
                0x0000000008007e24        0x4 out/LoRaMacClassB.o
                0x0000000008007e24                LoRaMacClassBSwitchClass
 .text.LoRaMacClassBMibGetRequestConfirm
                0x0000000008007e28        0x4 out/LoRaMacClassB.o
                0x0000000008007e28                LoRaMacClassBMibGetRequestConfirm
 .text.LoRaMacMibClassBSetRequestConfirm
                0x0000000008007e2c        0x4 out/LoRaMacClassB.o
                0x0000000008007e2c                LoRaMacMibClassBSetRequestConfirm
 .text.LoRaMacClassBPingSlotInfoAns
                0x0000000008007e30        0x2 out/LoRaMacClassB.o
                0x0000000008007e30                LoRaMacClassBPingSlotInfoAns
 .text.LoRaMacClassBPingSlotChannelReq
                0x0000000008007e32        0x4 out/LoRaMacClassB.o
                0x0000000008007e32                LoRaMacClassBPingSlotChannelReq
 .text.LoRaMacClassBBeaconTimingAns
                0x0000000008007e36        0x2 out/LoRaMacClassB.o
                0x0000000008007e36                LoRaMacClassBBeaconTimingAns
 .text.LoRaMacClassBDeviceTimeAns
                0x0000000008007e38        0x2 out/LoRaMacClassB.o
                0x0000000008007e38                LoRaMacClassBDeviceTimeAns
 .text.LoRaMacClassBBeaconFreqReq
                0x0000000008007e3a        0x4 out/LoRaMacClassB.o
                0x0000000008007e3a                LoRaMacClassBBeaconFreqReq
 .text.LoRaMacClassBIsUplinkCollision
                0x0000000008007e3e        0x6 out/LoRaMacClassB.o
                0x0000000008007e3e                LoRaMacClassBIsUplinkCollision
 .text.LoRaMacClassBStopRxSlots
                0x0000000008007e44        0x2 out/LoRaMacClassB.o
                0x0000000008007e44                LoRaMacClassBStopRxSlots
 .text.LoRaMacClassBSetMulticastPeriodicity
                0x0000000008007e46        0x2 out/LoRaMacClassB.o
                0x0000000008007e46                LoRaMacClassBSetMulticastPeriodicity
 .text.LoRaMacComputeMic
                0x0000000008007e48       0x70 out/LoRaMacCrypto.o
                0x0000000008007e48                LoRaMacComputeMic
 .text.LoRaMacPayloadEncrypt
                0x0000000008007eb8       0xe0 out/LoRaMacCrypto.o
                0x0000000008007eb8                LoRaMacPayloadEncrypt
 .text.LoRaMacPayloadDecrypt
                0x0000000008007f98       0x10 out/LoRaMacCrypto.o
                0x0000000008007f98                LoRaMacPayloadDecrypt
 .text.LoRaMacJoinComputeMic
                0x0000000008007fa8       0x3c out/LoRaMacCrypto.o
                0x0000000008007fa8                LoRaMacJoinComputeMic
 .text.LoRaMacJoinDecrypt
                0x0000000008007fe4       0x3e out/LoRaMacCrypto.o
                0x0000000008007fe4                LoRaMacJoinDecrypt
 .text.LoRaMacJoinComputeSKeys
                0x0000000008008022       0x86 out/LoRaMacCrypto.o
                0x0000000008008022                LoRaMacJoinComputeSKeys
 .text.RegionIsActive
                0x00000000080080a8        0x8 out/Region.o
                0x00000000080080a8                RegionIsActive
 .text.RegionGetPhyParam
                0x00000000080080b0       0x14 out/Region.o
                0x00000000080080b0                RegionGetPhyParam
 .text.RegionSetBandTxDone
                0x00000000080080c4        0xc out/Region.o
                0x00000000080080c4                RegionSetBandTxDone
 .text.RegionInitDefaults
                0x00000000080080d0        0xc out/Region.o
                0x00000000080080d0                RegionInitDefaults
 .text.RegionVerify
                0x00000000080080dc       0x12 out/Region.o
                0x00000000080080dc                RegionVerify
 .text.RegionApplyCFList
                0x00000000080080ee        0xc out/Region.o
                0x00000000080080ee                RegionApplyCFList
 .text.RegionChanMaskSet
                0x00000000080080fa        0xe out/Region.o
                0x00000000080080fa                RegionChanMaskSet
 .text.RegionAdrNext
                0x0000000008008108       0x20 out/Region.o
                0x0000000008008108                RegionAdrNext
 .text.RegionComputeRxWindowParameters
                0x0000000008008128       0x1e out/Region.o
                0x0000000008008128                RegionComputeRxWindowParameters
 .text.RegionRxConfig
                0x0000000008008146       0x12 out/Region.o
                0x0000000008008146                RegionRxConfig
 .text.RegionTxConfig
                0x0000000008008158       0x1e out/Region.o
                0x0000000008008158                RegionTxConfig
 .text.RegionLinkAdrReq
                0x0000000008008176       0x20 out/Region.o
                0x0000000008008176                RegionLinkAdrReq
 .text.RegionRxParamSetupReq
                0x0000000008008196        0xe out/Region.o
                0x0000000008008196                RegionRxParamSetupReq
 .text.RegionNewChannelReq
                0x00000000080081a4        0xe out/Region.o
                0x00000000080081a4                RegionNewChannelReq
 .text.RegionTxParamSetupReq
                0x00000000080081b2        0xe out/Region.o
                0x00000000080081b2                RegionTxParamSetupReq
 .text.RegionDlChannelReq
                0x00000000080081c0        0xe out/Region.o
                0x00000000080081c0                RegionDlChannelReq
 .text.RegionAlternateDr
                0x00000000080081ce        0xe out/Region.o
                0x00000000080081ce                RegionAlternateDr
 .text.RegionCalcBackOff
                0x00000000080081dc        0xc out/Region.o
                0x00000000080081dc                RegionCalcBackOff
 .text.RegionNextChannel
                0x00000000080081e8       0x20 out/Region.o
                0x00000000080081e8                RegionNextChannel
 .text.RegionSetContinuousWave
                0x0000000008008208        0xc out/Region.o
                0x0000000008008208                RegionSetContinuousWave
 .text.RegionApplyDrOffset
                0x0000000008008214       0x1e out/Region.o
                0x0000000008008214                RegionApplyDrOffset
 *fill*         0x0000000008008232        0x2 
 .text.RegionCommonGetJoinDc
                0x0000000008008234       0x30 out/RegionCommon.o
                0x0000000008008234                RegionCommonGetJoinDc
 .text.RegionCommonChanVerifyDr
                0x0000000008008264       0x66 out/RegionCommon.o
                0x0000000008008264                RegionCommonChanVerifyDr
 .text.RegionCommonValueInRange
                0x00000000080082ca       0x12 out/RegionCommon.o
                0x00000000080082ca                RegionCommonValueInRange
 .text.RegionCommonCountChannels
                0x00000000080082dc       0x3c out/RegionCommon.o
                0x00000000080082dc                RegionCommonCountChannels
 .text.RegionCommonChanMaskCopy
                0x0000000008008318       0x1e out/RegionCommon.o
                0x0000000008008318                RegionCommonChanMaskCopy
 .text.RegionCommonSetBandTxDone
                0x0000000008008336        0xe out/RegionCommon.o
                0x0000000008008336                RegionCommonSetBandTxDone
 .text.RegionCommonUpdateBandTimeOff
                0x0000000008008344      0x10a out/RegionCommon.o
                0x0000000008008344                RegionCommonUpdateBandTimeOff
 .text.RegionCommonParseLinkAdrReq
                0x000000000800844e       0x34 out/RegionCommon.o
                0x000000000800844e                RegionCommonParseLinkAdrReq
 *fill*         0x0000000008008482        0x2 
 .text.RegionCommonComputeSymbolTimeLoRa
                0x0000000008008484       0x34 out/RegionCommon.o
                0x0000000008008484                RegionCommonComputeSymbolTimeLoRa
 .text.RegionCommonComputeRxWindowParameters
                0x00000000080084b8       0xac out/RegionCommon.o
                0x00000000080084b8                RegionCommonComputeRxWindowParameters
 .text.RegionCommonComputeTxPower
                0x0000000008008564       0x30 out/RegionCommon.o
                0x0000000008008564                RegionCommonComputeTxPower
 .text.RegionCN470GetPhyParam
                0x0000000008008594      0x108 out/RegionCN470.o
                0x0000000008008594                RegionCN470GetPhyParam
 .text.RegionCN470SetBandTxDone
                0x000000000800869c       0x2c out/RegionCN470.o
                0x000000000800869c                RegionCN470SetBandTxDone
 .text.RegionCN470InitDefaults
                0x00000000080086c8       0x6c out/RegionCN470.o
                0x00000000080086c8                RegionCN470InitDefaults
 .text.RegionCN470Verify
                0x0000000008008734       0x3c out/RegionCN470.o
                0x0000000008008734                RegionCN470Verify
 .text.RegionCN470ApplyCFList
                0x0000000008008770        0x2 out/RegionCN470.o
                0x0000000008008770                RegionCN470ApplyCFList
 *fill*         0x0000000008008772        0x2 
 .text.RegionCN470ChanMaskSet
                0x0000000008008774       0x34 out/RegionCN470.o
                0x0000000008008774                RegionCN470ChanMaskSet
 .text.RegionCN470AdrNext
                0x00000000080087a8       0x80 out/RegionCN470.o
                0x00000000080087a8                RegionCN470AdrNext
 .text.RegionCN470ComputeRxWindowParameters
                0x0000000008008828       0x74 out/RegionCN470.o
                0x0000000008008828                RegionCN470ComputeRxWindowParameters
 .text.RegionCN470RxConfig
                0x000000000800889c       0xac out/RegionCN470.o
                0x000000000800889c                RegionCN470RxConfig
 .text.RegionCN470TxConfig
                0x0000000008008948       0xb8 out/RegionCN470.o
                0x0000000008008948                RegionCN470TxConfig
 .text.RegionCN470LinkAdrReq
                0x0000000008008a00      0x118 out/RegionCN470.o
                0x0000000008008a00                RegionCN470LinkAdrReq
 .text.RegionCN470RxParamSetupReq
                0x0000000008008b18       0x68 out/RegionCN470.o
                0x0000000008008b18                RegionCN470RxParamSetupReq
 .text.RegionCN470NewChannelReq
                0x0000000008008b80        0x4 out/RegionCN470.o
                0x0000000008008b80                RegionCN470NewChannelReq
 .text.RegionCN470TxParamSetupReq
                0x0000000008008b84        0x6 out/RegionCN470.o
                0x0000000008008b84                RegionCN470TxParamSetupReq
 .text.RegionCN470DlChannelReq
                0x0000000008008b8a        0x4 out/RegionCN470.o
                0x0000000008008b8a                RegionCN470DlChannelReq
 .text.RegionCN470AlternateDr
                0x0000000008008b8e       0x3e out/RegionCN470.o
                0x0000000008008b8e                RegionCN470AlternateDr
 .text.RegionCN470CalcBackOff
                0x0000000008008bcc       0x64 out/RegionCN470.o
                0x0000000008008bcc                RegionCN470CalcBackOff
 .text.RegionCN470NextChannel
                0x0000000008008c30      0x158 out/RegionCN470.o
                0x0000000008008c30                RegionCN470NextChannel
 .text.RegionCN470SetContinuousWave
                0x0000000008008d88       0x4c out/RegionCN470.o
                0x0000000008008d88                RegionCN470SetContinuousWave
 .text.RegionCN470ApplyDrOffset
                0x0000000008008dd4        0xc out/RegionCN470.o
                0x0000000008008dd4                RegionCN470ApplyDrOffset
 .text.Reset_Handler
                0x0000000008008de0       0x48 out/startup_cm4.o
                0x0000000008008de0                Reset_Handler
 .text.Default_Handler
                0x0000000008008e28        0x2 out/startup_cm4.o
                0x0000000008008e28                GPIO_IRQHandler
                0x0000000008008e28                SCC_IRQHandler
                0x0000000008008e28                TIMER2_IRQHandler
                0x0000000008008e28                EFC_IRQHandler
                0x0000000008008e28                I2C0_IRQHandler
                0x0000000008008e28                SAC_IRQHandler
                0x0000000008008e28                I2C1_IRQHandler
                0x0000000008008e28                UART1_IRQHandler
                0x0000000008008e28                BSTIMER0_IRQHandler
                0x0000000008008e28                TIMER3_IRQHandler
                0x0000000008008e28                UART0_IRQHandler
                0x0000000008008e28                SEC_IRQHandler
                0x0000000008008e28                WDG_IRQHandler
                0x0000000008008e28                LPTIMER1_IRQHandler
                0x0000000008008e28                LPTIMER0_IRQHandler
                0x0000000008008e28                SSP0_IRQHandler
                0x0000000008008e28                I2S_IRQHandler
                0x0000000008008e28                I2C2_IRQHandler
                0x0000000008008e28                TIMER0_IRQHandler
                0x0000000008008e28                LCD_IRQHandler
                0x0000000008008e28                LPUART_IRQHandler
                0x0000000008008e28                TIMER1_IRQHandler
                0x0000000008008e28                UART2_IRQHandler
                0x0000000008008e28                Default_Handler
                0x0000000008008e28                ADC_IRQHandler
                0x0000000008008e28                SSP1_IRQHandler
                0x0000000008008e28                DMA0_IRQHandler
                0x0000000008008e28                IWDG_IRQHandler
                0x0000000008008e28                SSP2_IRQHandler
                0x0000000008008e28                BSTIMER1_IRQHandler
                0x0000000008008e28                DAC_IRQHandler
                0x0000000008008e28                AFEC_IRQHandler
                0x0000000008008e28                UART3_IRQHandler
                0x0000000008008e28                QSPI_IRQHandler
                0x0000000008008e28                DMA1_IRQHandler
 *fill*         0x0000000008008e2a        0x2 
 .text.startup  0x0000000008008e2c       0x14 /usr/lib/gcc/arm-none-eabi/9.2.1/../../../arm-none-eabi/lib/thumb/v7e-m/nofp/libc.a(lib_a-__call_atexit.o)
 *(.glue_7)
 .glue_7        0x0000000008008e40        0x0 linker stubs
 *(.glue_7t)
 .glue_7t       0x0000000008008e40        0x0 linker stubs
 *(.eh_frame)
 .eh_frame      0x0000000008008e40        0x0 /usr/lib/gcc/arm-none-eabi/9.2.1/thumb/v7e-m/nofp/crtbegin.o
 *(.init)
 .init          0x0000000008008e40        0x4 /usr/lib/gcc/arm-none-eabi/9.2.1/thumb/v7e-m/nofp/crti.o
                0x0000000008008e40                _init
 .init          0x0000000008008e44        0x8 /usr/lib/gcc/arm-none-eabi/9.2.1/thumb/v7e-m/nofp/crtn.o
 *(.fini)
 .fini          0x0000000008008e4c        0x4 /usr/lib/gcc/arm-none-eabi/9.2.1/thumb/v7e-m/nofp/crti.o
                0x0000000008008e4c                _fini
 .fini          0x0000000008008e50        0x8 /usr/lib/gcc/arm-none-eabi/9.2.1/thumb/v7e-m/nofp/crtn.o
                0x0000000008008e58                . = ALIGN (0x4)
                0x0000000008008e58                _etext = .

.vfp11_veneer   0x0000000008008e58        0x0
 .vfp11_veneer  0x0000000008008e58        0x0 linker stubs

.v4_bx          0x0000000008008e58        0x0
 .v4_bx         0x0000000008008e58        0x0 linker stubs

.iplt           0x0000000008008e58        0x0
 .iplt          0x0000000008008e58        0x0 /usr/lib/gcc/arm-none-eabi/9.2.1/thumb/v7e-m/nofp/crtbegin.o

.rodata         0x0000000008008e58      0x2f8
                0x0000000008008e58                . = ALIGN (0x4)
 *(.rodata)
 .rodata        0x0000000008008e58       0x50 out/printf-stdarg.o
 .rodata        0x0000000008008ea8        0xc out/tremo_uart.o
 *fill*         0x0000000008008eb4        0x4 
 .rodata        0x0000000008008eb8      0x188 out/radio.o
                0x0000000008008eb8                FskBandwidths
                0x0000000008008fc8                Bandwidths
                0x0000000008008fd4                Radio
 .rodata        0x0000000008009040       0x11 out/sx126x.o
 .rodata        0x0000000008009051       0x18 out/rtc-board.o
 .rodata        0x0000000008009069       0x10 out/LoRaMac.o
 *fill*         0x0000000008009079        0x3 
 .rodata        0x000000000800907c       0x26 out/RegionCN470.o
 *fill*         0x00000000080090a2        0x2 
 .rodata        0x00000000080090a4       0x10 /home/ronggurmwp/Ai-Thinker-LoRaWAN-Ra-08/drivers/crypto/lib/libcrypto.a(aes.o)
 .rodata        0x00000000080090b4        0x4 /usr/lib/gcc/arm-none-eabi/9.2.1/../../../arm-none-eabi/lib/thumb/v7e-m/nofp/libc.a(lib_a-impure.o)
                0x00000000080090b4                _global_impure_ptr
 .rodata        0x00000000080090b8       0x10 /usr/lib/gcc/arm-none-eabi/9.2.1/../../../arm-none-eabi/lib/thumb/v7e-m/nofp/libm.a(lib_a-s_rint.o)
 *(.rodata*)
 .rodata.str1.1
                0x00000000080090c8       0x6c out/classC.o
                                         0x6f (size before relaxing)
 .rodata.str1.1
                0x0000000008009134       0x19 out/printf-stdarg.o
                0x0000000008009150                . = ALIGN (0x4)
 *fill*         0x000000000800914d        0x3 

.ARM.extab
 *(.ARM.extab* .gnu.linkonce.armextab.*)

.ARM            0x0000000008009150        0x8
                0x0000000008009150                __exidx_start = .
 *(.ARM.exidx*)
 .ARM.exidx     0x0000000008009150        0x8 /usr/lib/gcc/arm-none-eabi/9.2.1/thumb/v7e-m/nofp/libgcc.a(_udivmoddi4.o)
                0x0000000008009158                __exidx_end = .

.rel.dyn        0x0000000008009158        0x0
 .rel.iplt      0x0000000008009158        0x0 /usr/lib/gcc/arm-none-eabi/9.2.1/thumb/v7e-m/nofp/crtbegin.o

.preinit_array  0x0000000008009158        0x0
                0x0000000008009158                PROVIDE (__preinit_array_start = .)
 *(.preinit_array*)
                0x0000000008009158                PROVIDE (__preinit_array_end = .)

.init_array     0x0000000008009158        0x8
                0x0000000008009158                PROVIDE (__init_array_start = .)
 *(SORT_BY_NAME(.init_array.*))
 .init_array.00000
                0x0000000008009158        0x4 /usr/lib/gcc/arm-none-eabi/9.2.1/../../../arm-none-eabi/lib/thumb/v7e-m/nofp/libc.a(lib_a-__call_atexit.o)
 *(.init_array*)
 .init_array    0x000000000800915c        0x4 /usr/lib/gcc/arm-none-eabi/9.2.1/thumb/v7e-m/nofp/crtbegin.o
                0x0000000008009160                PROVIDE (__init_array_end = .)

.fini_array     0x0000000008009160        0x4
                0x0000000008009160                PROVIDE (__fini_array_start = .)
 *(SORT_BY_NAME(.fini_array.*))
 *(.fini_array*)
 .fini_array    0x0000000008009160        0x4 /usr/lib/gcc/arm-none-eabi/9.2.1/thumb/v7e-m/nofp/crtbegin.o
                0x0000000008009164                PROVIDE (__fini_array_end = .)
                0x0000000008009164                _sidata = LOADADDR (.data)

.data           0x0000000020000000      0x4a0 load address 0x0000000008009164
                0x0000000020000000                . = ALIGN (0x4)
                0x0000000020000000                _sdata = .
 *(.data)
 .data          0x0000000020000000       0x20 out/classC.o
 .data          0x0000000020000020        0x1 out/radio.o
                0x0000000020000020                MaxPayloadLength
 *fill*         0x0000000020000021        0x3 
 .data          0x0000000020000024        0x4 out/utilities.o
 .data          0x0000000020000028        0x3 out/LoRaMac.o
 .data          0x000000002000002b       0x20 out/LoRaMacCrypto.o
 *fill*         0x000000002000004b        0x5 
 .data          0x0000000020000050       0x20 out/RegionCN470.o
 .data          0x0000000020000070      0x430 /usr/lib/gcc/arm-none-eabi/9.2.1/../../../arm-none-eabi/lib/thumb/v7e-m/nofp/libc.a(lib_a-impure.o)
                0x0000000020000070                _impure_ptr
 *(.data*)
                0x00000000200004a0                . = ALIGN (0x4)
                0x00000000200004a0                _edata = .

.tm_clone_table
                0x00000000200004a0        0x0 load address 0x0000000008009604
 .tm_clone_table
                0x00000000200004a0        0x0 /usr/lib/gcc/arm-none-eabi/9.2.1/thumb/v7e-m/nofp/crtbegin.o
 .tm_clone_table
                0x00000000200004a0        0x0 /usr/lib/gcc/arm-none-eabi/9.2.1/thumb/v7e-m/nofp/crtend.o

.igot.plt       0x00000000200004a0        0x0 load address 0x0000000008009604
 .igot.plt      0x00000000200004a0        0x0 /usr/lib/gcc/arm-none-eabi/9.2.1/thumb/v7e-m/nofp/crtbegin.o
                0x00000000200004a0                . = ALIGN (0x4)

.bss            0x00000000200004a0      0xc98 load address 0x0000000008009604
                0x00000000200004a0                _sbss = .
                0x00000000200004a0                __bss_start__ = _sbss
 *(.bss)
 .bss           0x00000000200004a0       0x1c /usr/lib/gcc/arm-none-eabi/9.2.1/thumb/v7e-m/nofp/crtbegin.o
 .bss           0x00000000200004bc       0x30 out/classC.o
 .bss           0x00000000200004ec        0x1 out/tremo_delay.o
 *fill*         0x00000000200004ed        0x3 
 .bss           0x00000000200004f0       0x11 out/timer.o
                0x0000000020000500                HasLoopedThroughMain
 *fill*         0x0000000020000501        0x3 
 .bss           0x0000000020000504       0x16 out/radio.o
                0x0000000020000508                IrqFired
                0x000000002000050c                TxTimeout
                0x0000000020000510                RxContinuous
                0x0000000020000514                RxTimeout
 *fill*         0x000000002000051a        0x2 
 .bss           0x000000002000051c        0x8 out/sx126x.o
                0x0000000020000520                FrequencyError
 .bss           0x0000000020000524        0x9 out/rtc-board.o
                0x0000000020000528                McuWakeUpTime
                0x000000002000052c                NonScheduledWakeUp
 .bss           0x000000002000052d        0x1 out/sx1262-board.o
                0x000000002000052d                gPaOptSetting
 *fill*         0x000000002000052e        0x2 
 .bss           0x0000000020000530       0x19 out/LoRaMacConfirmQueue.o
 *fill*         0x0000000020000549        0x7 
 .bss           0x0000000020000550      0x4d9 out/LoRaMac.o
                0x0000000020000620                LoRaMacState
                0x00000000200009c8                TxTimeOnAir
 *fill*         0x0000000020000a29        0x3 
 .bss           0x0000000020000a2c       0x44 out/LoRaMacCrypto.o
 .bss           0x0000000020000a70      0x498 out/RegionCN470.o
 *(.bss*)
 *(COMMON)
 COMMON         0x0000000020000f08      0x190 out/radio.o
                0x0000000020000f08                irqRegs
                0x0000000020000f0c                SX126x
                0x0000000020000f48                TxTimeoutTimer
                0x0000000020000f5c                RadioRxPayload
                0x000000002000105c                CadTimeoutTimer
                0x0000000020001070                RadioPktStatus
                0x0000000020001084                RxTimeoutTimer
 COMMON         0x0000000020001098       0x18 out/rtc-board.o
                0x0000000020001098                RtcCalendarContext
                0x00000000200010a8                RtcTimerContext
 COMMON         0x00000000200010b0        0xc out/LoRaMacConfirmQueue.o
                0x00000000200010b0                CommonStatus
                0x00000000200010b4                BufferStart
                0x00000000200010b8                BufferEnd
 COMMON         0x00000000200010bc       0x7c out/LoRaMac.o
                0x00000000200010bc                LoRaMacFlags
                0x00000000200010c0                LoRaMacParamsDefaults
                0x00000000200010fc                LoRaMacParams
                0x0000000020001138                . = ALIGN (0x4)
                0x0000000020001138                _ebss = .
                0x0000000020001138                __bss_end__ = _ebss

.heap           0x0000000020001138        0x0 load address 0x0000000008009604
                0x0000000020001138                . = ALIGN (0x4)
                0x0000000020001138                _heap_bottom = .
                0x0000000020001138                end = _heap_bottom
                0x0000000020001138                _end = end
                0x0000000020001138                __end = end
                0x0000000020001138                . = (. + _HEAP_SIZE)
                0x0000000020001138                _heap_top = .

.stack          0x0000000020001138     0x1000 load address 0x0000000008009604
                0x0000000020001138                . = ALIGN (0x4)
                0x0000000020001138                _stack_bottom = .
                0x0000000020002138                . = (. + _STACK_SIZE)
 *fill*         0x0000000020001138     0x1000 
                0x0000000020002138                _stack_top = .

/DISCARD/
 libc.a(*)
 libm.a(*)
 libgcc.a(*)

.ARM.attributes
                0x0000000000000000       0x2e
 *(.ARM.attributes)
 .ARM.attributes
                0x0000000000000000       0x1e /usr/lib/gcc/arm-none-eabi/9.2.1/thumb/v7e-m/nofp/crti.o
 .ARM.attributes
                0x000000000000001e       0x2e /usr/lib/gcc/arm-none-eabi/9.2.1/thumb/v7e-m/nofp/crtbegin.o
 .ARM.attributes
                0x000000000000004c       0x32 out/tremo_it.o
 .ARM.attributes
                0x000000000000007e       0x32 out/classC.o
 .ARM.attributes
                0x00000000000000b0       0x32 out/main.o
 .ARM.attributes
                0x00000000000000e2       0x32 out/printf-stdarg.o
 .ARM.attributes
                0x0000000000000114       0x32 out/system_cm4.o
 .ARM.attributes
                0x0000000000000146       0x32 out/tremo_rcc.o
 .ARM.attributes
                0x0000000000000178       0x32 out/tremo_gpio.o
 .ARM.attributes
                0x00000000000001aa       0x32 out/tremo_uart.o
 .ARM.attributes
                0x00000000000001dc       0x32 out/tremo_delay.o
 .ARM.attributes
                0x000000000000020e       0x32 out/tremo_rtc.o
 .ARM.attributes
                0x0000000000000240       0x32 out/tremo_pwr.o
 .ARM.attributes
                0x0000000000000272       0x32 out/delay.o
 .ARM.attributes
                0x00000000000002a4       0x32 out/timer.o
 .ARM.attributes
                0x00000000000002d6       0x32 out/cmac.o
 .ARM.attributes
                0x0000000000000308       0x32 out/radio.o
 .ARM.attributes
                0x000000000000033a       0x32 out/sx126x.o
 .ARM.attributes
                0x000000000000036c       0x32 out/utilities.o
 .ARM.attributes
                0x000000000000039e       0x32 out/rtc-board.o
 .ARM.attributes
                0x00000000000003d0       0x32 out/sx1262-board.o
 .ARM.attributes
                0x0000000000000402       0x32 out/LoRaMacConfirmQueue.o
 .ARM.attributes
                0x0000000000000434       0x32 out/LoRaMac.o
 .ARM.attributes
                0x0000000000000466       0x32 out/LoRaMacClassB.o
 .ARM.attributes
                0x0000000000000498       0x32 out/LoRaMacCrypto.o
 .ARM.attributes
                0x00000000000004ca       0x32 out/Region.o
 .ARM.attributes
                0x00000000000004fc       0x32 out/RegionCommon.o
 .ARM.attributes
                0x000000000000052e       0x32 out/RegionCN470.o
 .ARM.attributes
                0x0000000000000560       0x21 out/startup_cm4.o
 .ARM.attributes
                0x0000000000000581       0x2e /home/ronggurmwp/Ai-Thinker-LoRaWAN-Ra-08/drivers/crypto/lib/libcrypto.a(aes.o)
 .ARM.attributes
                0x00000000000005af       0x1e /usr/lib/gcc/arm-none-eabi/9.2.1/thumb/v7e-m/nofp/libgcc.a(_arm_addsubdf3.o)
 .ARM.attributes
                0x00000000000005cd       0x1e /usr/lib/gcc/arm-none-eabi/9.2.1/thumb/v7e-m/nofp/libgcc.a(_arm_muldivdf3.o)
 .ARM.attributes
                0x00000000000005eb       0x1e /usr/lib/gcc/arm-none-eabi/9.2.1/thumb/v7e-m/nofp/libgcc.a(_arm_cmpdf2.o)
 .ARM.attributes
                0x0000000000000609       0x1e /usr/lib/gcc/arm-none-eabi/9.2.1/thumb/v7e-m/nofp/libgcc.a(_arm_fixdfsi.o)
 .ARM.attributes
                0x0000000000000627       0x1e /usr/lib/gcc/arm-none-eabi/9.2.1/thumb/v7e-m/nofp/libgcc.a(_arm_fixunsdfsi.o)
 .ARM.attributes
                0x0000000000000645       0x1e /usr/lib/gcc/arm-none-eabi/9.2.1/thumb/v7e-m/nofp/libgcc.a(_aeabi_uldivmod.o)
 .ARM.attributes
                0x0000000000000663       0x2e /usr/lib/gcc/arm-none-eabi/9.2.1/thumb/v7e-m/nofp/libgcc.a(_fixunsdfdi.o)
 .ARM.attributes
                0x0000000000000691       0x2e /usr/lib/gcc/arm-none-eabi/9.2.1/thumb/v7e-m/nofp/libgcc.a(_udivmoddi4.o)
 .ARM.attributes
                0x00000000000006bf       0x1e /usr/lib/gcc/arm-none-eabi/9.2.1/thumb/v7e-m/nofp/libgcc.a(_dvmd_tls.o)
 .ARM.attributes
                0x00000000000006dd       0x2e /usr/lib/gcc/arm-none-eabi/9.2.1/../../../arm-none-eabi/lib/thumb/v7e-m/nofp/libc.a(lib_a-atexit.o)
 .ARM.attributes
                0x000000000000070b       0x2e /usr/lib/gcc/arm-none-eabi/9.2.1/../../../arm-none-eabi/lib/thumb/v7e-m/nofp/libc.a(lib_a-fini.o)
 .ARM.attributes
                0x0000000000000739       0x2e /usr/lib/gcc/arm-none-eabi/9.2.1/../../../arm-none-eabi/lib/thumb/v7e-m/nofp/libc.a(lib_a-impure.o)
 .ARM.attributes
                0x0000000000000767       0x2e /usr/lib/gcc/arm-none-eabi/9.2.1/../../../arm-none-eabi/lib/thumb/v7e-m/nofp/libc.a(lib_a-init.o)
 .ARM.attributes
                0x0000000000000795       0x1c /usr/lib/gcc/arm-none-eabi/9.2.1/../../../arm-none-eabi/lib/thumb/v7e-m/nofp/libc.a(lib_a-memcpy.o)
 .ARM.attributes
                0x00000000000007b1       0x2e /usr/lib/gcc/arm-none-eabi/9.2.1/../../../arm-none-eabi/lib/thumb/v7e-m/nofp/libc.a(lib_a-memset.o)
 .ARM.attributes
                0x00000000000007df       0x2e /usr/lib/gcc/arm-none-eabi/9.2.1/../../../arm-none-eabi/lib/thumb/v7e-m/nofp/libc.a(lib_a-__atexit.o)
 .ARM.attributes
                0x000000000000080d       0x2e /usr/lib/gcc/arm-none-eabi/9.2.1/../../../arm-none-eabi/lib/thumb/v7e-m/nofp/libc.a(lib_a-__call_atexit.o)
 .ARM.attributes
                0x000000000000083b       0x2e /usr/lib/gcc/arm-none-eabi/9.2.1/thumb/v7e-m/nofp/crtend.o
 .ARM.attributes
                0x0000000000000869       0x1e /usr/lib/gcc/arm-none-eabi/9.2.1/thumb/v7e-m/nofp/crtn.o
OUTPUT(out/lorawan_classC_antares_ra08h.elf elf32-littlearm)
LOAD linker stubs
LOAD /usr/lib/gcc/arm-none-eabi/9.2.1/../../../arm-none-eabi/lib/thumb/v7e-m/nofp/libc.a
LOAD /usr/lib/gcc/arm-none-eabi/9.2.1/../../../arm-none-eabi/lib/thumb/v7e-m/nofp/libm.a
LOAD /usr/lib/gcc/arm-none-eabi/9.2.1/thumb/v7e-m/nofp/libgcc.a

.comment        0x0000000000000000      0x120
 .comment       0x0000000000000000       0x59 /usr/lib/gcc/arm-none-eabi/9.2.1/thumb/v7e-m/nofp/crtbegin.o
                                         0x5a (size before relaxing)
 .comment       0x0000000000000059       0x5a out/tremo_it.o
 .comment       0x0000000000000059       0x5a out/classC.o
 .comment       0x0000000000000059       0x5a out/main.o
 .comment       0x0000000000000059       0x5a out/printf-stdarg.o
 .comment       0x0000000000000059       0x5a out/system_cm4.o
 .comment       0x0000000000000059       0x5a out/tremo_rcc.o
 .comment       0x0000000000000059       0x5a out/tremo_gpio.o
 .comment       0x0000000000000059       0x5a out/tremo_uart.o
 .comment       0x0000000000000059       0x5a out/tremo_delay.o
 .comment       0x0000000000000059       0x5a out/tremo_rtc.o
 .comment       0x0000000000000059       0x5a out/tremo_pwr.o
 .comment       0x0000000000000059       0x5a out/delay.o
 .comment       0x0000000000000059       0x5a out/timer.o
 .comment       0x0000000000000059       0x5a out/cmac.o
 .comment       0x0000000000000059       0x5a out/radio.o
 .comment       0x0000000000000059       0x5a out/sx126x.o
 .comment       0x0000000000000059       0x5a out/utilities.o
 .comment       0x0000000000000059       0x5a out/rtc-board.o
 .comment       0x0000000000000059       0x5a out/sx1262-board.o
 .comment       0x0000000000000059       0x5a out/LoRaMacConfirmQueue.o
 .comment       0x0000000000000059       0x5a out/LoRaMac.o
 .comment       0x0000000000000059       0x5a out/LoRaMacClassB.o
 .comment       0x0000000000000059       0x5a out/LoRaMacCrypto.o
 .comment       0x0000000000000059       0x5a out/Region.o
 .comment       0x0000000000000059       0x5a out/RegionCommon.o
 .comment       0x0000000000000059       0x5a out/RegionCN470.o
 .comment       0x0000000000000059       0x79 /home/ronggurmwp/Ai-Thinker-LoRaWAN-Ra-08/drivers/crypto/lib/libcrypto.a(aes.o)
                                         0x7a (size before relaxing)
 .comment       0x00000000000000d2       0x5a /usr/lib/gcc/arm-none-eabi/9.2.1/thumb/v7e-m/nofp/libgcc.a(_fixunsdfdi.o)
 .comment       0x00000000000000d2       0x5a /usr/lib/gcc/arm-none-eabi/9.2.1/thumb/v7e-m/nofp/libgcc.a(_udivmoddi4.o)
 .comment       0x00000000000000d2       0x4e /usr/lib/gcc/arm-none-eabi/9.2.1/../../../arm-none-eabi/lib/thumb/v7e-m/nofp/libc.a(lib_a-atexit.o)
                                         0x4f (size before relaxing)
 .comment       0x0000000000000120       0x4f /usr/lib/gcc/arm-none-eabi/9.2.1/../../../arm-none-eabi/lib/thumb/v7e-m/nofp/libc.a(lib_a-fini.o)
 .comment       0x0000000000000120       0x4f /usr/lib/gcc/arm-none-eabi/9.2.1/../../../arm-none-eabi/lib/thumb/v7e-m/nofp/libc.a(lib_a-impure.o)
 .comment       0x0000000000000120       0x4f /usr/lib/gcc/arm-none-eabi/9.2.1/../../../arm-none-eabi/lib/thumb/v7e-m/nofp/libc.a(lib_a-init.o)
 .comment       0x0000000000000120       0x4f /usr/lib/gcc/arm-none-eabi/9.2.1/../../../arm-none-eabi/lib/thumb/v7e-m/nofp/libc.a(lib_a-memset.o)
 .comment       0x0000000000000120       0x4f /usr/lib/gcc/arm-none-eabi/9.2.1/../../../arm-none-eabi/lib/thumb/v7e-m/nofp/libc.a(lib_a-__atexit.o)
 .comment       0x0000000000000120       0x4f /usr/lib/gcc/arm-none-eabi/9.2.1/../../../arm-none-eabi/lib/thumb/v7e-m/nofp/libc.a(lib_a-__call_atexit.o)
 .comment       0x0000000000000120       0x5a /usr/lib/gcc/arm-none-eabi/9.2.1/thumb/v7e-m/nofp/crtend.o

.debug_info     0x0000000000000000     0x5c7a
 .debug_info    0x0000000000000000      0xc3a /home/ronggurmwp/Ai-Thinker-LoRaWAN-Ra-08/drivers/crypto/lib/libcrypto.a(aes.o)
 .debug_info    0x0000000000000c3a       0x26 /usr/lib/gcc/arm-none-eabi/9.2.1/thumb/v7e-m/nofp/libgcc.a(_arm_addsubdf3.o)
 .debug_info    0x0000000000000c60       0x26 /usr/lib/gcc/arm-none-eabi/9.2.1/thumb/v7e-m/nofp/libgcc.a(_arm_muldivdf3.o)
 .debug_info    0x0000000000000c86       0x26 /usr/lib/gcc/arm-none-eabi/9.2.1/thumb/v7e-m/nofp/libgcc.a(_arm_cmpdf2.o)
 .debug_info    0x0000000000000cac       0x26 /usr/lib/gcc/arm-none-eabi/9.2.1/thumb/v7e-m/nofp/libgcc.a(_arm_fixdfsi.o)
 .debug_info    0x0000000000000cd2       0x26 /usr/lib/gcc/arm-none-eabi/9.2.1/thumb/v7e-m/nofp/libgcc.a(_arm_fixunsdfsi.o)
 .debug_info    0x0000000000000cf8       0x26 /usr/lib/gcc/arm-none-eabi/9.2.1/thumb/v7e-m/nofp/libgcc.a(_aeabi_uldivmod.o)
 .debug_info    0x0000000000000d1e      0x96d /usr/lib/gcc/arm-none-eabi/9.2.1/thumb/v7e-m/nofp/libgcc.a(_fixunsdfdi.o)
 .debug_info    0x000000000000168b      0xd7c /usr/lib/gcc/arm-none-eabi/9.2.1/thumb/v7e-m/nofp/libgcc.a(_udivmoddi4.o)
 .debug_info    0x0000000000002407       0x26 /usr/lib/gcc/arm-none-eabi/9.2.1/thumb/v7e-m/nofp/libgcc.a(_dvmd_tls.o)
 .debug_info    0x000000000000242d      0x995 /usr/lib/gcc/arm-none-eabi/9.2.1/../../../arm-none-eabi/lib/thumb/v7e-m/nofp/libc.a(lib_a-atexit.o)
 .debug_info    0x0000000000002dc2      0x102 /usr/lib/gcc/arm-none-eabi/9.2.1/../../../arm-none-eabi/lib/thumb/v7e-m/nofp/libc.a(lib_a-fini.o)
 .debug_info    0x0000000000002ec4      0x92a /usr/lib/gcc/arm-none-eabi/9.2.1/../../../arm-none-eabi/lib/thumb/v7e-m/nofp/libc.a(lib_a-impure.o)
 .debug_info    0x00000000000037ee      0x11a /usr/lib/gcc/arm-none-eabi/9.2.1/../../../arm-none-eabi/lib/thumb/v7e-m/nofp/libc.a(lib_a-init.o)
 .debug_info    0x0000000000003908       0x26 /usr/lib/gcc/arm-none-eabi/9.2.1/../../../arm-none-eabi/lib/thumb/v7e-m/nofp/libc.a(lib_a-memcpy.o)
 .debug_info    0x000000000000392e      0xf21 /usr/lib/gcc/arm-none-eabi/9.2.1/../../../arm-none-eabi/lib/thumb/v7e-m/nofp/libc.a(lib_a-memset.o)
 .debug_info    0x000000000000484f      0x9d5 /usr/lib/gcc/arm-none-eabi/9.2.1/../../../arm-none-eabi/lib/thumb/v7e-m/nofp/libc.a(lib_a-__atexit.o)
 .debug_info    0x0000000000005224      0xa56 /usr/lib/gcc/arm-none-eabi/9.2.1/../../../arm-none-eabi/lib/thumb/v7e-m/nofp/libc.a(lib_a-__call_atexit.o)

.debug_abbrev   0x0000000000000000     0x1279
 .debug_abbrev  0x0000000000000000      0x228 /home/ronggurmwp/Ai-Thinker-LoRaWAN-Ra-08/drivers/crypto/lib/libcrypto.a(aes.o)
 .debug_abbrev  0x0000000000000228       0x14 /usr/lib/gcc/arm-none-eabi/9.2.1/thumb/v7e-m/nofp/libgcc.a(_arm_addsubdf3.o)
 .debug_abbrev  0x000000000000023c       0x14 /usr/lib/gcc/arm-none-eabi/9.2.1/thumb/v7e-m/nofp/libgcc.a(_arm_muldivdf3.o)
 .debug_abbrev  0x0000000000000250       0x14 /usr/lib/gcc/arm-none-eabi/9.2.1/thumb/v7e-m/nofp/libgcc.a(_arm_cmpdf2.o)
 .debug_abbrev  0x0000000000000264       0x14 /usr/lib/gcc/arm-none-eabi/9.2.1/thumb/v7e-m/nofp/libgcc.a(_arm_fixdfsi.o)
 .debug_abbrev  0x0000000000000278       0x14 /usr/lib/gcc/arm-none-eabi/9.2.1/thumb/v7e-m/nofp/libgcc.a(_arm_fixunsdfsi.o)
 .debug_abbrev  0x000000000000028c       0x14 /usr/lib/gcc/arm-none-eabi/9.2.1/thumb/v7e-m/nofp/libgcc.a(_aeabi_uldivmod.o)
 .debug_abbrev  0x00000000000002a0      0x14f /usr/lib/gcc/arm-none-eabi/9.2.1/thumb/v7e-m/nofp/libgcc.a(_fixunsdfdi.o)
 .debug_abbrev  0x00000000000003ef      0x1c2 /usr/lib/gcc/arm-none-eabi/9.2.1/thumb/v7e-m/nofp/libgcc.a(_udivmoddi4.o)
 .debug_abbrev  0x00000000000005b1       0x14 /usr/lib/gcc/arm-none-eabi/9.2.1/thumb/v7e-m/nofp/libgcc.a(_dvmd_tls.o)
 .debug_abbrev  0x00000000000005c5      0x232 /usr/lib/gcc/arm-none-eabi/9.2.1/../../../arm-none-eabi/lib/thumb/v7e-m/nofp/libc.a(lib_a-atexit.o)
 .debug_abbrev  0x00000000000007f7       0xcf /usr/lib/gcc/arm-none-eabi/9.2.1/../../../arm-none-eabi/lib/thumb/v7e-m/nofp/libc.a(lib_a-fini.o)
 .debug_abbrev  0x00000000000008c6      0x1b8 /usr/lib/gcc/arm-none-eabi/9.2.1/../../../arm-none-eabi/lib/thumb/v7e-m/nofp/libc.a(lib_a-impure.o)
 .debug_abbrev  0x0000000000000a7e       0xcc /usr/lib/gcc/arm-none-eabi/9.2.1/../../../arm-none-eabi/lib/thumb/v7e-m/nofp/libc.a(lib_a-init.o)
 .debug_abbrev  0x0000000000000b4a       0x14 /usr/lib/gcc/arm-none-eabi/9.2.1/../../../arm-none-eabi/lib/thumb/v7e-m/nofp/libc.a(lib_a-memcpy.o)
 .debug_abbrev  0x0000000000000b5e      0x217 /usr/lib/gcc/arm-none-eabi/9.2.1/../../../arm-none-eabi/lib/thumb/v7e-m/nofp/libc.a(lib_a-memset.o)
 .debug_abbrev  0x0000000000000d75      0x252 /usr/lib/gcc/arm-none-eabi/9.2.1/../../../arm-none-eabi/lib/thumb/v7e-m/nofp/libc.a(lib_a-__atexit.o)
 .debug_abbrev  0x0000000000000fc7      0x2b2 /usr/lib/gcc/arm-none-eabi/9.2.1/../../../arm-none-eabi/lib/thumb/v7e-m/nofp/libc.a(lib_a-__call_atexit.o)

.debug_loc      0x0000000000000000     0x1722
 .debug_loc     0x0000000000000000       0xe4 /home/ronggurmwp/Ai-Thinker-LoRaWAN-Ra-08/drivers/crypto/lib/libcrypto.a(aes.o)
 .debug_loc     0x00000000000000e4       0xad /usr/lib/gcc/arm-none-eabi/9.2.1/thumb/v7e-m/nofp/libgcc.a(_fixunsdfdi.o)
 .debug_loc     0x0000000000000191      0xf8a /usr/lib/gcc/arm-none-eabi/9.2.1/thumb/v7e-m/nofp/libgcc.a(_udivmoddi4.o)
 .debug_loc     0x000000000000111b       0x32 /usr/lib/gcc/arm-none-eabi/9.2.1/../../../arm-none-eabi/lib/thumb/v7e-m/nofp/libc.a(lib_a-atexit.o)
 .debug_loc     0x000000000000114d       0x68 /usr/lib/gcc/arm-none-eabi/9.2.1/../../../arm-none-eabi/lib/thumb/v7e-m/nofp/libc.a(lib_a-fini.o)
 .debug_loc     0x00000000000011b5       0xba /usr/lib/gcc/arm-none-eabi/9.2.1/../../../arm-none-eabi/lib/thumb/v7e-m/nofp/libc.a(lib_a-init.o)
 .debug_loc     0x000000000000126f      0x231 /usr/lib/gcc/arm-none-eabi/9.2.1/../../../arm-none-eabi/lib/thumb/v7e-m/nofp/libc.a(lib_a-memset.o)
 .debug_loc     0x00000000000014a0      0x138 /usr/lib/gcc/arm-none-eabi/9.2.1/../../../arm-none-eabi/lib/thumb/v7e-m/nofp/libc.a(lib_a-__atexit.o)
 .debug_loc     0x00000000000015d8      0x14a /usr/lib/gcc/arm-none-eabi/9.2.1/../../../arm-none-eabi/lib/thumb/v7e-m/nofp/libc.a(lib_a-__call_atexit.o)

.debug_aranges  0x0000000000000000      0x240
 .debug_aranges
                0x0000000000000000       0x20 /home/ronggurmwp/Ai-Thinker-LoRaWAN-Ra-08/drivers/crypto/lib/libcrypto.a(aes.o)
 .debug_aranges
                0x0000000000000020       0x20 /usr/lib/gcc/arm-none-eabi/9.2.1/thumb/v7e-m/nofp/libgcc.a(_arm_addsubdf3.o)
 .debug_aranges
                0x0000000000000040       0x20 /usr/lib/gcc/arm-none-eabi/9.2.1/thumb/v7e-m/nofp/libgcc.a(_arm_muldivdf3.o)
 .debug_aranges
                0x0000000000000060       0x20 /usr/lib/gcc/arm-none-eabi/9.2.1/thumb/v7e-m/nofp/libgcc.a(_arm_cmpdf2.o)
 .debug_aranges
                0x0000000000000080       0x20 /usr/lib/gcc/arm-none-eabi/9.2.1/thumb/v7e-m/nofp/libgcc.a(_arm_fixdfsi.o)
 .debug_aranges
                0x00000000000000a0       0x20 /usr/lib/gcc/arm-none-eabi/9.2.1/thumb/v7e-m/nofp/libgcc.a(_arm_fixunsdfsi.o)
 .debug_aranges
                0x00000000000000c0       0x20 /usr/lib/gcc/arm-none-eabi/9.2.1/thumb/v7e-m/nofp/libgcc.a(_aeabi_uldivmod.o)
 .debug_aranges
                0x00000000000000e0       0x20 /usr/lib/gcc/arm-none-eabi/9.2.1/thumb/v7e-m/nofp/libgcc.a(_fixunsdfdi.o)
 .debug_aranges
                0x0000000000000100       0x20 /usr/lib/gcc/arm-none-eabi/9.2.1/thumb/v7e-m/nofp/libgcc.a(_udivmoddi4.o)
 .debug_aranges
                0x0000000000000120       0x20 /usr/lib/gcc/arm-none-eabi/9.2.1/thumb/v7e-m/nofp/libgcc.a(_dvmd_tls.o)
 .debug_aranges
                0x0000000000000140       0x20 /usr/lib/gcc/arm-none-eabi/9.2.1/../../../arm-none-eabi/lib/thumb/v7e-m/nofp/libc.a(lib_a-atexit.o)
 .debug_aranges
                0x0000000000000160       0x20 /usr/lib/gcc/arm-none-eabi/9.2.1/../../../arm-none-eabi/lib/thumb/v7e-m/nofp/libc.a(lib_a-fini.o)
 .debug_aranges
                0x0000000000000180       0x18 /usr/lib/gcc/arm-none-eabi/9.2.1/../../../arm-none-eabi/lib/thumb/v7e-m/nofp/libc.a(lib_a-impure.o)
 .debug_aranges
                0x0000000000000198       0x20 /usr/lib/gcc/arm-none-eabi/9.2.1/../../../arm-none-eabi/lib/thumb/v7e-m/nofp/libc.a(lib_a-init.o)
 .debug_aranges
                0x00000000000001b8       0x20 /usr/lib/gcc/arm-none-eabi/9.2.1/../../../arm-none-eabi/lib/thumb/v7e-m/nofp/libc.a(lib_a-memcpy.o)
 .debug_aranges
                0x00000000000001d8       0x20 /usr/lib/gcc/arm-none-eabi/9.2.1/../../../arm-none-eabi/lib/thumb/v7e-m/nofp/libc.a(lib_a-memset.o)
 .debug_aranges
                0x00000000000001f8       0x20 /usr/lib/gcc/arm-none-eabi/9.2.1/../../../arm-none-eabi/lib/thumb/v7e-m/nofp/libc.a(lib_a-__atexit.o)
 .debug_aranges
                0x0000000000000218       0x28 /usr/lib/gcc/arm-none-eabi/9.2.1/../../../arm-none-eabi/lib/thumb/v7e-m/nofp/libc.a(lib_a-__call_atexit.o)

.debug_line     0x0000000000000000     0x1a8a
 .debug_line    0x0000000000000000      0x268 /home/ronggurmwp/Ai-Thinker-LoRaWAN-Ra-08/drivers/crypto/lib/libcrypto.a(aes.o)
 .debug_line    0x0000000000000268      0x186 /usr/lib/gcc/arm-none-eabi/9.2.1/thumb/v7e-m/nofp/libgcc.a(_arm_addsubdf3.o)
 .debug_line    0x00000000000003ee      0x19b /usr/lib/gcc/arm-none-eabi/9.2.1/thumb/v7e-m/nofp/libgcc.a(_arm_muldivdf3.o)
 .debug_line    0x0000000000000589       0xbd /usr/lib/gcc/arm-none-eabi/9.2.1/thumb/v7e-m/nofp/libgcc.a(_arm_cmpdf2.o)
 .debug_line    0x0000000000000646       0x79 /usr/lib/gcc/arm-none-eabi/9.2.1/thumb/v7e-m/nofp/libgcc.a(_arm_fixdfsi.o)
 .debug_line    0x00000000000006bf       0x75 /usr/lib/gcc/arm-none-eabi/9.2.1/thumb/v7e-m/nofp/libgcc.a(_arm_fixunsdfsi.o)
 .debug_line    0x0000000000000734       0x60 /usr/lib/gcc/arm-none-eabi/9.2.1/thumb/v7e-m/nofp/libgcc.a(_aeabi_uldivmod.o)
 .debug_line    0x0000000000000794      0x133 /usr/lib/gcc/arm-none-eabi/9.2.1/thumb/v7e-m/nofp/libgcc.a(_fixunsdfdi.o)
 .debug_line    0x00000000000008c7      0x610 /usr/lib/gcc/arm-none-eabi/9.2.1/thumb/v7e-m/nofp/libgcc.a(_udivmoddi4.o)
 .debug_line    0x0000000000000ed7       0x60 /usr/lib/gcc/arm-none-eabi/9.2.1/thumb/v7e-m/nofp/libgcc.a(_dvmd_tls.o)
 .debug_line    0x0000000000000f37      0x14a /usr/lib/gcc/arm-none-eabi/9.2.1/../../../arm-none-eabi/lib/thumb/v7e-m/nofp/libc.a(lib_a-atexit.o)
 .debug_line    0x0000000000001081       0xd7 /usr/lib/gcc/arm-none-eabi/9.2.1/../../../arm-none-eabi/lib/thumb/v7e-m/nofp/libc.a(lib_a-fini.o)
 .debug_line    0x0000000000001158       0xe3 /usr/lib/gcc/arm-none-eabi/9.2.1/../../../arm-none-eabi/lib/thumb/v7e-m/nofp/libc.a(lib_a-impure.o)
 .debug_line    0x000000000000123b      0x10d /usr/lib/gcc/arm-none-eabi/9.2.1/../../../arm-none-eabi/lib/thumb/v7e-m/nofp/libc.a(lib_a-init.o)
 .debug_line    0x0000000000001348       0xbe /usr/lib/gcc/arm-none-eabi/9.2.1/../../../arm-none-eabi/lib/thumb/v7e-m/nofp/libc.a(lib_a-memcpy.o)
 .debug_line    0x0000000000001406      0x26b /usr/lib/gcc/arm-none-eabi/9.2.1/../../../arm-none-eabi/lib/thumb/v7e-m/nofp/libc.a(lib_a-memset.o)
 .debug_line    0x0000000000001671      0x1e1 /usr/lib/gcc/arm-none-eabi/9.2.1/../../../arm-none-eabi/lib/thumb/v7e-m/nofp/libc.a(lib_a-__atexit.o)
 .debug_line    0x0000000000001852      0x238 /usr/lib/gcc/arm-none-eabi/9.2.1/../../../arm-none-eabi/lib/thumb/v7e-m/nofp/libc.a(lib_a-__call_atexit.o)

.debug_str      0x0000000000000000     0x217d
 .debug_str     0x0000000000000000      0x6d3 /home/ronggurmwp/Ai-Thinker-LoRaWAN-Ra-08/drivers/crypto/lib/libcrypto.a(aes.o)
                                        0x74e (size before relaxing)
 .debug_str     0x00000000000006d3       0xa5 /usr/lib/gcc/arm-none-eabi/9.2.1/thumb/v7e-m/nofp/libgcc.a(_arm_addsubdf3.o)
 .debug_str     0x0000000000000778       0xa5 /usr/lib/gcc/arm-none-eabi/9.2.1/thumb/v7e-m/nofp/libgcc.a(_arm_muldivdf3.o)
 .debug_str     0x0000000000000778       0xa5 /usr/lib/gcc/arm-none-eabi/9.2.1/thumb/v7e-m/nofp/libgcc.a(_arm_cmpdf2.o)
 .debug_str     0x0000000000000778       0xa5 /usr/lib/gcc/arm-none-eabi/9.2.1/thumb/v7e-m/nofp/libgcc.a(_arm_fixdfsi.o)
 .debug_str     0x0000000000000778       0xa5 /usr/lib/gcc/arm-none-eabi/9.2.1/thumb/v7e-m/nofp/libgcc.a(_arm_fixunsdfsi.o)
 .debug_str     0x0000000000000778       0x2c /usr/lib/gcc/arm-none-eabi/9.2.1/thumb/v7e-m/nofp/libgcc.a(_aeabi_uldivmod.o)
                                         0xa0 (size before relaxing)
 .debug_str     0x00000000000007a4     0x10ab /usr/lib/gcc/arm-none-eabi/9.2.1/thumb/v7e-m/nofp/libgcc.a(_fixunsdfdi.o)
                                       0x1193 (size before relaxing)
 .debug_str     0x000000000000184f      0x11c /usr/lib/gcc/arm-none-eabi/9.2.1/thumb/v7e-m/nofp/libgcc.a(_udivmoddi4.o)
                                       0x11e0 (size before relaxing)
 .debug_str     0x000000000000196b       0x30 /usr/lib/gcc/arm-none-eabi/9.2.1/thumb/v7e-m/nofp/libgcc.a(_dvmd_tls.o)
                                         0xa4 (size before relaxing)
 .debug_str     0x000000000000199b      0x17c /usr/lib/gcc/arm-none-eabi/9.2.1/../../../arm-none-eabi/lib/thumb/v7e-m/nofp/libc.a(lib_a-atexit.o)
                                        0x5e5 (size before relaxing)
 .debug_str     0x0000000000001b17       0xc5 /usr/lib/gcc/arm-none-eabi/9.2.1/../../../arm-none-eabi/lib/thumb/v7e-m/nofp/libc.a(lib_a-fini.o)
                                        0x1f4 (size before relaxing)
 .debug_str     0x0000000000001bdc       0x98 /usr/lib/gcc/arm-none-eabi/9.2.1/../../../arm-none-eabi/lib/thumb/v7e-m/nofp/libc.a(lib_a-impure.o)
                                        0x59a (size before relaxing)
 .debug_str     0x0000000000001c74       0x90 /usr/lib/gcc/arm-none-eabi/9.2.1/../../../arm-none-eabi/lib/thumb/v7e-m/nofp/libc.a(lib_a-init.o)
                                        0x21e (size before relaxing)
 .debug_str     0x0000000000001d04       0xa2 /usr/lib/gcc/arm-none-eabi/9.2.1/../../../arm-none-eabi/lib/thumb/v7e-m/nofp/libc.a(lib_a-memcpy.o)
                                         0xae (size before relaxing)
 .debug_str     0x0000000000001da6      0x314 /usr/lib/gcc/arm-none-eabi/9.2.1/../../../arm-none-eabi/lib/thumb/v7e-m/nofp/libc.a(lib_a-memset.o)
                                        0x8c7 (size before relaxing)
 .debug_str     0x00000000000020ba       0x4f /usr/lib/gcc/arm-none-eabi/9.2.1/../../../arm-none-eabi/lib/thumb/v7e-m/nofp/libc.a(lib_a-__atexit.o)
                                        0x603 (size before relaxing)
 .debug_str     0x0000000000002109       0x74 /usr/lib/gcc/arm-none-eabi/9.2.1/../../../arm-none-eabi/lib/thumb/v7e-m/nofp/libc.a(lib_a-__call_atexit.o)
                                        0x616 (size before relaxing)

.debug_frame    0x0000000000000000      0x45c
 .debug_frame   0x0000000000000000       0x88 /home/ronggurmwp/Ai-Thinker-LoRaWAN-Ra-08/drivers/crypto/lib/libcrypto.a(aes.o)
 .debug_frame   0x0000000000000088       0xac /usr/lib/gcc/arm-none-eabi/9.2.1/thumb/v7e-m/nofp/libgcc.a(_arm_addsubdf3.o)
 .debug_frame   0x0000000000000134       0x50 /usr/lib/gcc/arm-none-eabi/9.2.1/thumb/v7e-m/nofp/libgcc.a(_arm_muldivdf3.o)
 .debug_frame   0x0000000000000184       0xc4 /usr/lib/gcc/arm-none-eabi/9.2.1/thumb/v7e-m/nofp/libgcc.a(_arm_cmpdf2.o)